Archive member included to satisfy reference by file (symbol)

d:/programs/stm32cubeide_1.4.0/stm32cubeide/plugins/com.st.stm32cube.ide.mcu.externaltools.gnu-tools-for-stm32.7-2018-q2-update.win32_1.4.0.202007081208/tools/bin/../lib/gcc/arm-none-eabi/7.3.1/../../../../arm-none-eabi/lib/thumb/v7e-m/fpv5/hard\libc.a(lib_a-exit.o)
                              d:/programs/stm32cubeide_1.4.0/stm32cubeide/plugins/com.st.stm32cube.ide.mcu.externaltools.gnu-tools-for-stm32.7-2018-q2-update.win32_1.4.0.202007081208/tools/bin/../lib/gcc/arm-none-eabi/7.3.1/../../../../arm-none-eabi/lib/thumb/v7e-m/fpv5/hard/crt0.o (exit)
d:/programs/stm32cubeide_1.4.0/stm32cubeide/plugins/com.st.stm32cube.ide.mcu.externaltools.gnu-tools-for-stm32.7-2018-q2-update.win32_1.4.0.202007081208/tools/bin/../lib/gcc/arm-none-eabi/7.3.1/../../../../arm-none-eabi/lib/thumb/v7e-m/fpv5/hard\libc.a(lib_a-impure.o)
                              d:/programs/stm32cubeide_1.4.0/stm32cubeide/plugins/com.st.stm32cube.ide.mcu.externaltools.gnu-tools-for-stm32.7-2018-q2-update.win32_1.4.0.202007081208/tools/bin/../lib/gcc/arm-none-eabi/7.3.1/../../../../arm-none-eabi/lib/thumb/v7e-m/fpv5/hard\libc.a(lib_a-exit.o) (_global_impure_ptr)
d:/programs/stm32cubeide_1.4.0/stm32cubeide/plugins/com.st.stm32cube.ide.mcu.externaltools.gnu-tools-for-stm32.7-2018-q2-update.win32_1.4.0.202007081208/tools/bin/../lib/gcc/arm-none-eabi/7.3.1/../../../../arm-none-eabi/lib/thumb/v7e-m/fpv5/hard\libc.a(lib_a-init.o)
                              d:/programs/stm32cubeide_1.4.0/stm32cubeide/plugins/com.st.stm32cube.ide.mcu.externaltools.gnu-tools-for-stm32.7-2018-q2-update.win32_1.4.0.202007081208/tools/bin/../lib/gcc/arm-none-eabi/7.3.1/../../../../arm-none-eabi/lib/thumb/v7e-m/fpv5/hard/crt0.o (__libc_init_array)
d:/programs/stm32cubeide_1.4.0/stm32cubeide/plugins/com.st.stm32cube.ide.mcu.externaltools.gnu-tools-for-stm32.7-2018-q2-update.win32_1.4.0.202007081208/tools/bin/../lib/gcc/arm-none-eabi/7.3.1/../../../../arm-none-eabi/lib/thumb/v7e-m/fpv5/hard\libc.a(lib_a-memcpy-stub.o)
                              build/ssd1306.o (memcpy)
d:/programs/stm32cubeide_1.4.0/stm32cubeide/plugins/com.st.stm32cube.ide.mcu.externaltools.gnu-tools-for-stm32.7-2018-q2-update.win32_1.4.0.202007081208/tools/bin/../lib/gcc/arm-none-eabi/7.3.1/../../../../arm-none-eabi/lib/thumb/v7e-m/fpv5/hard\libc.a(lib_a-memmove.o)
                              build/ssd1306_tests.o (memmove)
d:/programs/stm32cubeide_1.4.0/stm32cubeide/plugins/com.st.stm32cube.ide.mcu.externaltools.gnu-tools-for-stm32.7-2018-q2-update.win32_1.4.0.202007081208/tools/bin/../lib/gcc/arm-none-eabi/7.3.1/../../../../arm-none-eabi/lib/thumb/v7e-m/fpv5/hard\libc.a(lib_a-memset.o)
                              d:/programs/stm32cubeide_1.4.0/stm32cubeide/plugins/com.st.stm32cube.ide.mcu.externaltools.gnu-tools-for-stm32.7-2018-q2-update.win32_1.4.0.202007081208/tools/bin/../lib/gcc/arm-none-eabi/7.3.1/../../../../arm-none-eabi/lib/thumb/v7e-m/fpv5/hard/crt0.o (memset)
d:/programs/stm32cubeide_1.4.0/stm32cubeide/plugins/com.st.stm32cube.ide.mcu.externaltools.gnu-tools-for-stm32.7-2018-q2-update.win32_1.4.0.202007081208/tools/bin/../lib/gcc/arm-none-eabi/7.3.1/../../../../arm-none-eabi/lib/thumb/v7e-m/fpv5/hard\libc.a(lib_a-snprintf.o)
                              build/ssd1306_tests.o (snprintf)
d:/programs/stm32cubeide_1.4.0/stm32cubeide/plugins/com.st.stm32cube.ide.mcu.externaltools.gnu-tools-for-stm32.7-2018-q2-update.win32_1.4.0.202007081208/tools/bin/../lib/gcc/arm-none-eabi/7.3.1/../../../../arm-none-eabi/lib/thumb/v7e-m/fpv5/hard\libc.a(lib_a-sprintf.o)
                              build/i2c_oled.o (sprintf)
d:/programs/stm32cubeide_1.4.0/stm32cubeide/plugins/com.st.stm32cube.ide.mcu.externaltools.gnu-tools-for-stm32.7-2018-q2-update.win32_1.4.0.202007081208/tools/bin/../lib/gcc/arm-none-eabi/7.3.1/../../../../arm-none-eabi/lib/thumb/v7e-m/fpv5/hard\libc.a(lib_a-strlen.o)
                              build/miniprintf.o (strlen)
d:/programs/stm32cubeide_1.4.0/stm32cubeide/plugins/com.st.stm32cube.ide.mcu.externaltools.gnu-tools-for-stm32.7-2018-q2-update.win32_1.4.0.202007081208/tools/bin/../lib/gcc/arm-none-eabi/7.3.1/../../../../arm-none-eabi/lib/thumb/v7e-m/fpv5/hard\libc.a(lib_a-svfprintf.o)
                              d:/programs/stm32cubeide_1.4.0/stm32cubeide/plugins/com.st.stm32cube.ide.mcu.externaltools.gnu-tools-for-stm32.7-2018-q2-update.win32_1.4.0.202007081208/tools/bin/../lib/gcc/arm-none-eabi/7.3.1/../../../../arm-none-eabi/lib/thumb/v7e-m/fpv5/hard\libc.a(lib_a-snprintf.o) (_svfprintf_r)
d:/programs/stm32cubeide_1.4.0/stm32cubeide/plugins/com.st.stm32cube.ide.mcu.externaltools.gnu-tools-for-stm32.7-2018-q2-update.win32_1.4.0.202007081208/tools/bin/../lib/gcc/arm-none-eabi/7.3.1/../../../../arm-none-eabi/lib/thumb/v7e-m/fpv5/hard\libc.a(lib_a-__call_atexit.o)
[...]
Memory Configuration

Name             Origin             Length             Attributes
rom              0x0000000008000000 0x0000000000200000 xr
ram              0x0000000020000000 0x0000000000080000 xrw
*default*        0x0000000000000000 0xffffffffffffffff

Linker script and memory map

LOAD d:/programs/stm32cubeide_1.4.0/stm32cubeide/plugins/com.st.stm32cube.ide.mcu.externaltools.gnu-tools-for-stm32.7-2018-q2-update.win32_1.4.0.202007081208/tools/bin/../lib/gcc/arm-none-eabi/7.3.1/thumb/v7e-m/fpv5/hard/crti.o
LOAD d:/programs/stm32cubeide_1.4.0/stm32cubeide/plugins/com.st.stm32cube.ide.mcu.externaltools.gnu-tools-for-stm32.7-2018-q2-update.win32_1.4.0.202007081208/tools/bin/../lib/gcc/arm-none-eabi/7.3.1/thumb/v7e-m/fpv5/hard/crtbegin.o
LOAD d:/programs/stm32cubeide_1.4.0/stm32cubeide/plugins/com.st.stm32cube.ide.mcu.externaltools.gnu-tools-for-stm32.7-2018-q2-update.win32_1.4.0.202007081208/tools/bin/../lib/gcc/arm-none-eabi/7.3.1/../../../../arm-none-eabi/lib/thumb/v7e-m/fpv5/hard/crt0.o
LOAD build/i2c_oled.o
LOAD build/miniprintf.o
LOAD build/ssd1306_fonts.o
LOAD build/ssd1306.o
LOAD build/ssd1306_tests.o
LOAD d:/programs/stm32cubeide_1.4.0/stm32cubeide/plugins/com.st.stm32cube.ide.mcu.externaltools.gnu-tools-for-stm32.7-2018-q2-update.win32_1.4.0.202007081208/tools/bin/../lib/gcc/arm-none-eabi/7.3.1/../../../../arm-none-eabi/lib/thumb/v7e-m/fpv5/hard\libc.a
LOAD d:/programs/stm32cubeide_1.4.0/stm32cubeide/plugins/com.st.stm32cube.ide.mcu.externaltools.gnu-tools-for-stm32.7-2018-q2-update.win32_1.4.0.202007081208/tools/bin/../lib/gcc/arm-none-eabi/7.3.1/../../../../arm-none-eabi/lib/thumb/v7e-m/fpv5/hard\libm.a
LOAD d:/programs/stm32cubeide_1.4.0/stm32cubeide/plugins/com.st.stm32cube.ide.mcu.externaltools.gnu-tools-for-stm32.7-2018-q2-update.win32_1.4.0.202007081208/tools/bin/../lib/gcc/arm-none-eabi/7.3.1/../../../../arm-none-eabi/lib/thumb/v7e-m/fpv5/hard\libnosys.a
LOAD ../libopencm3-master/lib\libopencm3_stm32f7.a
START GROUP
LOAD d:/programs/stm32cubeide_1.4.0/stm32cubeide/plugins/com.st.stm32cube.ide.mcu.externaltools.gnu-tools-for-stm32.7-2018-q2-update.win32_1.4.0.202007081208/tools/bin/../lib/gcc/arm-none-eabi/7.3.1/thumb/v7e-m/fpv5/hard\libgcc.a
LOAD d:/programs/stm32cubeide_1.4.0/stm32cubeide/plugins/com.st.stm32cube.ide.mcu.externaltools.gnu-tools-for-stm32.7-2018-q2-update.win32_1.4.0.202007081208/tools/bin/../lib/gcc/arm-none-eabi/7.3.1/../../../../arm-none-eabi/lib/thumb/v7e-m/fpv5/hard\libc.a
END GROUP
START GROUP
LOAD d:/programs/stm32cubeide_1.4.0/stm32cubeide/plugins/com.st.stm32cube.ide.mcu.externaltools.gnu-tools-for-stm32.7-2018-q2-update.win32_1.4.0.202007081208/tools/bin/../lib/gcc/arm-none-eabi/7.3.1/thumb/v7e-m/fpv5/hard\libgcc.a
LOAD d:/programs/stm32cubeide_1.4.0/stm32cubeide/plugins/com.st.stm32cube.ide.mcu.externaltools.gnu-tools-for-stm32.7-2018-q2-update.win32_1.4.0.202007081208/tools/bin/../lib/gcc/arm-none-eabi/7.3.1/../../../../arm-none-eabi/lib/thumb/v7e-m/fpv5/hard\libc.a
LOAD d:/programs/stm32cubeide_1.4.0/stm32cubeide/plugins/com.st.stm32cube.ide.mcu.externaltools.gnu-tools-for-stm32.7-2018-q2-update.win32_1.4.0.202007081208/tools/bin/../lib/gcc/arm-none-eabi/7.3.1/../../../../arm-none-eabi/lib/thumb/v7e-m/fpv5/hard\libnosys.a
END GROUP
LOAD d:/programs/stm32cubeide_1.4.0/stm32cubeide/plugins/com.st.stm32cube.ide.mcu.externaltools.gnu-tools-for-stm32.7-2018-q2-update.win32_1.4.0.202007081208/tools/bin/../lib/gcc/arm-none-eabi/7.3.1/thumb/v7e-m/fpv5/hard/crtend.o
LOAD d:/programs/stm32cubeide_1.4.0/stm32cubeide/plugins/com.st.stm32cube.ide.mcu.externaltools.gnu-tools-for-stm32.7-2018-q2-update.win32_1.4.0.202007081208/tools/bin/../lib/gcc/arm-none-eabi/7.3.1/thumb/v7e-m/fpv5/hard/crtn.o

.text           0x0000000008000000     0x46b8
 *(.vectors)
 .vectors       0x0000000008000000      0x1e0 ../libopencm3-master/lib\libopencm3_stm32f7.a(vector.o)
                0x0000000008000000                vector_table
 *(.text*)
 .text          0x00000000080001e0       0x40 d:/programs/stm32cubeide_1.4.0/stm32cubeide/plugins/com.st.stm32cube.ide.mcu.externaltools.gnu-tools-for-stm32.7-2018-q2-update.win32_1.4.0.202007081208/tools/bin/../lib/gcc/arm-none-eabi/7.3.1/thumb/v7e-m/fpv5/hard/crtbegin.o
 .text.gpio_setup
                0x0000000008000220       0x24 build/i2c_oled.o
 .text.clock_setup
                0x0000000008000244       0x20 build/i2c_oled.o
 .text.i2c1_setup
                0x0000000008000264       0x80 build/i2c_oled.o
 .text.uart_printf
                0x00000000080002e4       0x24 build/i2c_oled.o
 .text.uart_putc
                0x0000000008000308       0x10 build/i2c_oled.o
 .text._sbrk    0x0000000008000318        0x6 build/i2c_oled.o
                0x0000000008000318                _sbrk
 *fill*         0x000000000800031e        0x2 
 .text.init_usart
                0x0000000008000320       0x78 build/i2c_oled.o
                0x0000000008000320                init_usart
 .text.delay_setup
                0x0000000008000398       0x64 build/i2c_oled.o
                0x0000000008000398                delay_setup
 .text.tim7_isr
                0x00000000080003fc       0x1c build/i2c_oled.o
                0x00000000080003fc                tim7_isr
 .text.delay_ms
                0x0000000008000418       0x28 build/i2c_oled.o
                0x0000000008000418                delay_ms
 .text.main     0x0000000008000440       0x58 build/i2c_oled.o
                0x0000000008000440                main
 .text.mini_write
                0x0000000008000498       0x18 build/miniprintf.o
 .text.mini_putc
                0x00000000080004b0       0x2c build/miniprintf.o
 .text.mini_pad
                0x00000000080004dc       0x24 build/miniprintf.o
 .text.internal_vprintf
                0x0000000008000500      0x1ac build/miniprintf.o
 .text.mini_vprintf0
                0x00000000080006ac       0x3c build/miniprintf.o
 .text.mini_vprintf_cooked
                0x00000000080006e8        0xe build/miniprintf.o
                0x00000000080006e8                mini_vprintf_cooked
 .text.memcpy   0x00000000080006f6       0x16 d:/programs/stm32cubeide_1.4.0/stm32cubeide/plugins/com.st.stm32cube.ide.mcu.externaltools.gnu-tools-for-stm32.7-2018-q2-update.win32_1.4.0.202007081208/tools/bin/../lib/gcc/arm-none-eabi/7.3.1/../../../../arm-none-eabi/lib/thumb/v7e-m/fpv5/hard\libc.a(lib_a-memcpy-stub.o)
                0x00000000080006f6                memcpy
 .text.memmove  0x000000000800070c       0x32 d:/programs/stm32cubeide_1.4.0/stm32cubeide/plugins/com.st.stm32cube.ide.mcu.externaltools.gnu-tools-for-stm32.7-2018-q2-update.win32_1.4.0.202007081208/tools/bin/../lib/gcc/arm-none-eabi/7.3.1/../../../../arm-none-eabi/lib/thumb/v7e-m/fpv5/hard\libc.a(lib_a-memmove.o)
                0x000000000800070c                memmove
 .text.memset   0x000000000800073e       0x10 d:/programs/stm32cubeide_1.4.0/stm32cubeide/plugins/com.st.stm32cube.ide.mcu.externaltools.gnu-tools-for-stm32.7-2018-q2-update.win32_1.4.0.202007081208/tools/bin/../lib/gcc/arm-none-eabi/7.3.1/../../../../arm-none-eabi/lib/thumb/v7e-m/fpv5/hard\libc.a(lib_a-memset.o)
                0x000000000800073e                memset
 *fill*         0x000000000800074e        0x2 
 .text.sprintf  0x0000000008000750       0x40 d:/programs/stm32cubeide_1.4.0/stm32cubeide/plugins/com.st.stm32cube.ide.mcu.externaltools.gnu-tools-for-stm32.7-2018-q2-update.win32_1.4.0.202007081208/tools/bin/../lib/gcc/arm-none-eabi/7.3.1/../../../../arm-none-eabi/lib/thumb/v7e-m/fpv5/hard\libc.a(lib_a-sprintf.o)
                0x0000000008000750                sprintf
 .text          0x0000000008000790       0x10 d:/programs/stm32cubeide_1.4.0/stm32cubeide/plugins/com.st.stm32cube.ide.mcu.externaltools.gnu-tools-for-stm32.7-2018-q2-update.win32_1.4.0.202007081208/tools/bin/../lib/gcc/arm-none-eabi/7.3.1/../../../../arm-none-eabi/lib/thumb/v7e-m/fpv5/hard\libc.a(lib_a-strlen.o)
                0x0000000008000790                strlen
 .text._svfprintf_r
                0x00000000080007a0     0x13c0 d:/programs/stm32cubeide_1.4.0/stm32cubeide/plugins/com.st.stm32cube.ide.mcu.externaltools.gnu-tools-for-stm32.7-2018-q2-update.win32_1.4.0.202007081208/tools/bin/../lib/gcc/arm-none-eabi/7.3.1/../../../../arm-none-eabi/lib/thumb/v7e-m/fpv5/hard\libc.a(lib_a-svfprintf.o)
                0x00000000080007a0                _svfprintf_r
 .text.startup.register_fini
                0x0000000008001b60       0x14 d:/programs/stm32cubeide_1.4.0/stm32cubeide/plugins/com.st.stm32cube.ide.mcu.externaltools.gnu-tools-for-stm32.7-2018-q2-update.win32_1.4.0.202007081208/tools/bin/../lib/gcc/arm-none-eabi/7.3.1/../../../../arm-none-eabi/lib/thumb/v7e-m/fpv5/hard\libc.a(lib_a-__call_atexit.o)
 .text.atexit   0x0000000008001b74        0xc d:/programs/stm32cubeide_1.4.0/stm32cubeide/plugins/com.st.stm32cube.ide.mcu.externaltools.gnu-tools-for-stm32.7-2018-q2-update.win32_1.4.0.202007081208/tools/bin/../lib/gcc/arm-none-eabi/7.3.1/../../../../arm-none-eabi/lib/thumb/v7e-m/fpv5/hard\libc.a(lib_a-atexit.o)
                0x0000000008001b74                atexit
 .text.quorem   0x0000000008001b80      0x118 d:/programs/stm32cubeide_1.4.0/stm32cubeide/plugins/com.st.stm32cube.ide.mcu.externaltools.gnu-tools-for-stm32.7-2018-q2-update.win32_1.4.0.202007081208/tools/bin/../lib/gcc/arm-none-eabi/7.3.1/../../../../arm-none-eabi/lib/thumb/v7e-m/fpv5/hard\libc.a(lib_a-dtoa.o)
 .text._dtoa_r  0x0000000008001c98      0xa70 d:/programs/stm32cubeide_1.4.0/stm32cubeide/plugins/com.st.stm32cube.ide.mcu.externaltools.gnu-tools-for-stm32.7-2018-q2-update.win32_1.4.0.202007081208/tools/bin/../lib/gcc/arm-none-eabi/7.3.1/../../../../arm-none-eabi/lib/thumb/v7e-m/fpv5/hard\libc.a(lib_a-dtoa.o)
                0x0000000008001c98                _dtoa_r
 .text.__libc_fini_array
                0x0000000008002708       0x28 d:/programs/stm32cubeide_1.4.0/stm32cubeide/plugins/com.st.stm32cube.ide.mcu.externaltools.gnu-tools-for-stm32.7-2018-q2-update.win32_1.4.0.202007081208/tools/bin/../lib/gcc/arm-none-eabi/7.3.1/../../../../arm-none-eabi/lib/thumb/v7e-m/fpv5/hard\libc.a(lib_a-fini.o)
                0x0000000008002708                __libc_fini_array
 .text._malloc_trim_r
                0x0000000008002730       0xa8 d:/programs/stm32cubeide_1.4.0/stm32cubeide/plugins/com.st.stm32cube.ide.mcu.externaltools.gnu-tools-for-stm32.7-2018-q2-update.win32_1.4.0.202007081208/tools/bin/../lib/gcc/arm-none-eabi/7.3.1/../../../../arm-none-eabi/lib/thumb/v7e-m/fpv5/hard\libc.a(lib_a-freer.o)
                0x0000000008002730                _malloc_trim_r
 .text._free_r  0x00000000080027d8      0x178 d:/programs/stm32cubeide_1.4.0/stm32cubeide/plugins/com.st.stm32cube.ide.mcu.externaltools.gnu-tools-for-stm32.7-2018-q2-update.win32_1.4.0.202007081208/tools/bin/../lib/gcc/arm-none-eabi/7.3.1/../../../../arm-none-eabi/lib/thumb/v7e-m/fpv5/hard\libc.a(lib_a-freer.o)
                0x00000000080027d8                _free_r
 .text._localeconv_r
                0x0000000008002950       0x1c d:/programs/stm32cubeide_1.4.0/stm32cubeide/plugins/com.st.stm32cube.ide.mcu.externaltools.gnu-tools-for-stm32.7-2018-q2-update.win32_1.4.0.202007081208/tools/bin/../lib/gcc/arm-none-eabi/7.3.1/../../../../arm-none-eabi/lib/thumb/v7e-m/fpv5/hard\libc.a(lib_a-localeconv.o)
                0x0000000008002950                _localeconv_r
 .text.__retarget_lock_acquire_recursive
                0x000000000800296c        0x2 d:/programs/stm32cubeide_1.4.0/stm32cubeide/plugins/com.st.stm32cube.ide.mcu.externaltools.gnu-tools-for-stm32.7-2018-q2-update.win32_1.4.0.202007081208/tools/bin/../lib/gcc/arm-none-eabi/7.3.1/../../../../arm-none-eabi/lib/thumb/v7e-m/fpv5/hard\libc.a(lib_a-lock.o)
                0x000000000800296c                __retarget_lock_acquire_recursive
 .text.__retarget_lock_release_recursive
                0x000000000800296e        0x2 d:/programs/stm32cubeide_1.4.0/stm32cubeide/plugins/com.st.stm32cube.ide.mcu.externaltools.gnu-tools-for-stm32.7-2018-q2-update.win32_1.4.0.202007081208/tools/bin/../lib/gcc/arm-none-eabi/7.3.1/../../../../arm-none-eabi/lib/thumb/v7e-m/fpv5/hard\libc.a(lib_a-lock.o)
                0x000000000800296e                __retarget_lock_release_recursive
 .text._malloc_r
                0x0000000008002970      0x46c d:/programs/stm32cubeide_1.4.0/stm32cubeide/plugins/com.st.stm32cube.ide.mcu.externaltools.gnu-tools-for-stm32.7-2018-q2-update.win32_1.4.0.202007081208/tools/bin/../lib/gcc/arm-none-eabi/7.3.1/../../../../arm-none-eabi/lib/thumb/v7e-m/fpv5/hard\libc.a(lib_a-mallocr.o)
                0x0000000008002970                _malloc_r
 *fill*         0x0000000008002ddc        0x4 
 .text          0x0000000008002de0       0xa0 d:/programs/stm32cubeide_1.4.0/stm32cubeide/plugins/com.st.stm32cube.ide.mcu.externaltools.gnu-tools-for-stm32.7-2018-q2-update.win32_1.4.0.202007081208/tools/bin/../lib/gcc/arm-none-eabi/7.3.1/../../../../arm-none-eabi/lib/thumb/v7e-m/fpv5/hard\libc.a(lib_a-memchr.o)
                0x0000000008002de0                memchr
 .text.__malloc_lock
                0x0000000008002e80        0xc d:/programs/stm32cubeide_1.4.0/stm32cubeide/plugins/com.st.stm32cube.ide.mcu.externaltools.gnu-tools-for-stm32.7-2018-q2-update.win32_1.4.0.202007081208/tools/bin/../lib/gcc/arm-none-eabi/7.3.1/../../../../arm-none-eabi/lib/thumb/v7e-m/fpv5/hard\libc.a(lib_a-mlock.o)
                0x0000000008002e80                __malloc_lock
 .text.__malloc_unlock
                0x0000000008002e8c        0xc d:/programs/stm32cubeide_1.4.0/stm32cubeide/plugins/com.st.stm32cube.ide.mcu.externaltools.gnu-tools-for-stm32.7-2018-q2-update.win32_1.4.0.202007081208/tools/bin/../lib/gcc/arm-none-eabi/7.3.1/../../../../arm-none-eabi/lib/thumb/v7e-m/fpv5/hard\libc.a(lib_a-mlock.o)
                0x0000000008002e8c                __malloc_unlock
 .text._Balloc  0x0000000008002e98       0x4a d:/programs/stm32cubeide_1.4.0/stm32cubeide/plugins/com.st.stm32cube.ide.mcu.externaltools.gnu-tools-for-stm32.7-2018-q2-update.win32_1.4.0.202007081208/tools/bin/../lib/gcc/arm-none-eabi/7.3.1/../../../../arm-none-eabi/lib/thumb/v7e-m/fpv5/hard\libc.a(lib_a-mprec.o)
                0x0000000008002e98                _Balloc
 .text._Bfree   0x0000000008002ee2       0x12 d:/programs/stm32cubeide_1.4.0/stm32cubeide/plugins/com.st.stm32cube.ide.mcu.externaltools.gnu-tools-for-stm32.7-2018-q2-update.win32_1.4.0.202007081208/tools/bin/../lib/gcc/arm-none-eabi/7.3.1/../../../../arm-none-eabi/lib/thumb/v7e-m/fpv5/hard\libc.a(lib_a-mprec.o)
                0x0000000008002ee2                _Bfree
 .text.__multadd
                0x0000000008002ef4       0x76 d:/programs/stm32cubeide_1.4.0/stm32cubeide/plugins/com.st.stm32cube.ide.mcu.externaltools.gnu-tools-for-stm32.7-2018-q2-update.win32_1.4.0.202007081208/tools/bin/../lib/gcc/arm-none-eabi/7.3.1/../../../../arm-none-eabi/lib/thumb/v7e-m/fpv5/hard\libc.a(lib_a-mprec.o)
                0x0000000008002ef4                __multadd
 .text.__hi0bits
                0x0000000008002f6a       0x3e d:/programs/stm32cubeide_1.4.0/stm32cubeide/plugins/com.st.stm32cube.ide.mcu.externaltools.gnu-tools-for-stm32.7-2018-q2-update.win32_1.4.0.202007081208/tools/bin/../lib/gcc/arm-none-eabi/7.3.1/../../../../arm-none-eabi/lib/thumb/v7e-m/fpv5/hard\libc.a(lib_a-mprec.o)
                0x0000000008002f6a                __hi0bits
 .text.__lo0bits
                0x0000000008002fa8       0x5e d:/programs/stm32cubeide_1.4.0/stm32cubeide/plugins/com.st.stm32cube.ide.mcu.externaltools.gnu-tools-for-stm32.7-2018-q2-update.win32_1.4.0.202007081208/tools/bin/../lib/gcc/arm-none-eabi/7.3.1/../../../../arm-none-eabi/lib/thumb/v7e-m/fpv5/hard\libc.a(lib_a-mprec.o)
                0x0000000008002fa8                __lo0bits
 .text.__i2b    0x0000000008003006       0x12 d:/programs/stm32cubeide_1.4.0/stm32cubeide/plugins/com.st.stm32cube.ide.mcu.externaltools.gnu-tools-for-stm32.7-2018-q2-update.win32_1.4.0.202007081208/tools/bin/../lib/gcc/arm-none-eabi/7.3.1/../../../../arm-none-eabi/lib/thumb/v7e-m/fpv5/hard\libc.a(lib_a-mprec.o)
                0x0000000008003006                __i2b
 .text.__multiply
                0x0000000008003018      0x12c d:/programs/stm32cubeide_1.4.0/stm32cubeide/plugins/com.st.stm32cube.ide.mcu.externaltools.gnu-tools-for-stm32.7-2018-q2-update.win32_1.4.0.202007081208/tools/bin/../lib/gcc/arm-none-eabi/7.3.1/../../../../arm-none-eabi/lib/thumb/v7e-m/fpv5/hard\libc.a(lib_a-mprec.o)
                0x0000000008003018                __multiply
 .text.__pow5mult
                0x0000000008003144       0x80 d:/programs/stm32cubeide_1.4.0/stm32cubeide/plugins/com.st.stm32cube.ide.mcu.externaltools.gnu-tools-for-stm32.7-2018-q2-update.win32_1.4.0.202007081208/tools/bin/../lib/gcc/arm-none-eabi/7.3.1/../../../../arm-none-eabi/lib/thumb/v7e-m/fpv5/hard\libc.a(lib_a-mprec.o)
                0x0000000008003144                __pow5mult
 .text.__lshift
                0x00000000080031c4       0xa8 d:/programs/stm32cubeide_1.4.0/stm32cubeide/plugins/com.st.stm32cube.ide.mcu.externaltools.gnu-tools-for-stm32.7-2018-q2-update.win32_1.4.0.202007081208/tools/bin/../lib/gcc/arm-none-eabi/7.3.1/../../../../arm-none-eabi/lib/thumb/v7e-m/fpv5/hard\libc.a(lib_a-mprec.o)
                0x00000000080031c4                __lshift
 .text.__mcmp   0x000000000800326c       0x34 d:/programs/stm32cubeide_1.4.0/stm32cubeide/plugins/com.st.stm32cube.ide.mcu.externaltools.gnu-tools-for-stm32.7-2018-q2-update.win32_1.4.0.202007081208/tools/bin/../lib/gcc/arm-none-eabi/7.3.1/../../../../arm-none-eabi/lib/thumb/v7e-m/fpv5/hard\libc.a(lib_a-mprec.o)
                0x000000000800326c                __mcmp
 .text.__mdiff  0x00000000080032a0       0xba d:/programs/stm32cubeide_1.4.0/stm32cubeide/plugins/com.st.stm32cube.ide.mcu.externaltools.gnu-tools-for-stm32.7-2018-q2-update.win32_1.4.0.202007081208/tools/bin/../lib/gcc/arm-none-eabi/7.3.1/../../../../arm-none-eabi/lib/thumb/v7e-m/fpv5/hard\libc.a(lib_a-mprec.o)
                0x00000000080032a0                __mdiff
 .text.__d2b    0x000000000800335a       0x9e d:/programs/stm32cubeide_1.4.0/stm32cubeide/plugins/com.st.stm32cube.ide.mcu.externaltools.gnu-tools-for-stm32.7-2018-q2-update.win32_1.4.0.202007081208/tools/bin/../lib/gcc/arm-none-eabi/7.3.1/../../../../arm-none-eabi/lib/thumb/v7e-m/fpv5/hard\libc.a(lib_a-mprec.o)
                0x000000000800335a                __d2b
 .text.frexp    0x00000000080033f8       0x74 d:/programs/stm32cubeide_1.4.0/stm32cubeide/plugins/com.st.stm32cube.ide.mcu.externaltools.gnu-tools-for-stm32.7-2018-q2-update.win32_1.4.0.202007081208/tools/bin/../lib/gcc/arm-none-eabi/7.3.1/../../../../arm-none-eabi/lib/thumb/v7e-m/fpv5/hard\libc.a(lib_a-s_frexp.o)
                0x00000000080033f8                frexp
 .text._sbrk_r  0x000000000800346c       0x20 d:/programs/stm32cubeide_1.4.0/stm32cubeide/plugins/com.st.stm32cube.ide.mcu.externaltools.gnu-tools-for-stm32.7-2018-q2-update.win32_1.4.0.202007081208/tools/bin/../lib/gcc/arm-none-eabi/7.3.1/../../../../arm-none-eabi/lib/thumb/v7e-m/fpv5/hard\libc.a(lib_a-sbrkr.o)
                0x000000000800346c                _sbrk_r
 .text.strncpy  0x000000000800348c       0x2a d:/programs/stm32cubeide_1.4.0/stm32cubeide/plugins/com.st.stm32cube.ide.mcu.externaltools.gnu-tools-for-stm32.7-2018-q2-update.win32_1.4.0.202007081208/tools/bin/../lib/gcc/arm-none-eabi/7.3.1/../../../../arm-none-eabi/lib/thumb/v7e-m/fpv5/hard\libc.a(lib_a-strncpy.o)
                0x000000000800348c                strncpy
 .text.__ssprint_r
                0x00000000080034b6       0xf0 d:/programs/stm32cubeide_1.4.0/stm32cubeide/plugins/com.st.stm32cube.ide.mcu.externaltools.gnu-tools-for-stm32.7-2018-q2-update.win32_1.4.0.202007081208/tools/bin/../lib/gcc/arm-none-eabi/7.3.1/../../../../arm-none-eabi/lib/thumb/v7e-m/fpv5/hard\libc.a(lib_a-svfiprintf.o)
                0x00000000080034b6                __ssprint_r
 .text.sysconf  0x00000000080035a6       0x1a d:/programs/stm32cubeide_1.4.0/stm32cubeide/plugins/com.st.stm32cube.ide.mcu.externaltools.gnu-tools-for-stm32.7-2018-q2-update.win32_1.4.0.202007081208/tools/bin/../lib/gcc/arm-none-eabi/7.3.1/../../../../arm-none-eabi/lib/thumb/v7e-m/fpv5/hard\libc.a(lib_a-sysconf.o)
                0x00000000080035a6                sysconf
 .text.__register_exitproc
                0x00000000080035c0       0xac d:/programs/stm32cubeide_1.4.0/stm32cubeide/plugins/com.st.stm32cube.ide.mcu.externaltools.gnu-tools-for-stm32.7-2018-q2-update.win32_1.4.0.202007081208/tools/bin/../lib/gcc/arm-none-eabi/7.3.1/../../../../arm-none-eabi/lib/thumb/v7e-m/fpv5/hard\libc.a(lib_a-__atexit.o)
                0x00000000080035c0                __register_exitproc
 .text._calloc_r
                0x000000000800366c       0x5a d:/programs/stm32cubeide_1.4.0/stm32cubeide/plugins/com.st.stm32cube.ide.mcu.externaltools.gnu-tools-for-stm32.7-2018-q2-update.win32_1.4.0.202007081208/tools/bin/../lib/gcc/arm-none-eabi/7.3.1/../../../../arm-none-eabi/lib/thumb/v7e-m/fpv5/hard\libc.a(lib_a-callocr.o)
                0x000000000800366c                _calloc_r
 *fill*         0x00000000080036c6        0x2 
 .text.__errno  0x00000000080036c8        0xc d:/programs/stm32cubeide_1.4.0/stm32cubeide/plugins/com.st.stm32cube.ide.mcu.externaltools.gnu-tools-for-stm32.7-2018-q2-update.win32_1.4.0.202007081208/tools/bin/../lib/gcc/arm-none-eabi/7.3.1/../../../../arm-none-eabi/lib/thumb/v7e-m/fpv5/hard\libc.a(lib_a-errno.o)
                0x00000000080036c8                __errno
 .text.__ascii_mbtowc
                0x00000000080036d4       0x24 d:/programs/stm32cubeide_1.4.0/stm32cubeide/plugins/com.st.stm32cube.ide.mcu.externaltools.gnu-tools-for-stm32.7-2018-q2-update.win32_1.4.0.202007081208/tools/bin/../lib/gcc/arm-none-eabi/7.3.1/../../../../arm-none-eabi/lib/thumb/v7e-m/fpv5/hard\libc.a(lib_a-mbtowc_r.o)
                0x00000000080036d4                __ascii_mbtowc
 .text._realloc_r
                0x00000000080036f8      0x350 d:/programs/stm32cubeide_1.4.0/stm32cubeide/plugins/com.st.stm32cube.ide.mcu.externaltools.gnu-tools-for-stm32.7-2018-q2-update.win32_1.4.0.202007081208/tools/bin/../lib/gcc/arm-none-eabi/7.3.1/../../../../arm-none-eabi/lib/thumb/v7e-m/fpv5/hard\libc.a(lib_a-reallocr.o)
                0x00000000080036f8                _realloc_r
 .text.__ascii_wctomb
                0x0000000008003a48       0x1a d:/programs/stm32cubeide_1.4.0/stm32cubeide/plugins/com.st.stm32cube.ide.mcu.externaltools.gnu-tools-for-stm32.7-2018-q2-update.win32_1.4.0.202007081208/tools/bin/../lib/gcc/arm-none-eabi/7.3.1/../../../../arm-none-eabi/lib/thumb/v7e-m/fpv5/hard\libc.a(lib_a-wctomb_r.o)
                0x0000000008003a48                __ascii_wctomb
 .text.gpio_toggle
                0x0000000008003a62       0x12 ../libopencm3-master/lib\libopencm3_stm32f7.a(gpio_common_all.o)
                0x0000000008003a62                gpio_toggle
 .text.gpio_mode_setup
                0x0000000008003a74       0x40 ../libopencm3-master/lib\libopencm3_stm32f7.a(gpio_common_f0234.o)
                0x0000000008003a74                gpio_mode_setup
 .text.gpio_set_output_options
                0x0000000008003ab4       0x36 ../libopencm3-master/lib\libopencm3_stm32f7.a(gpio_common_f0234.o)
                0x0000000008003ab4                gpio_set_output_options
 .text.gpio_set_af
                0x0000000008003aea       0x54 ../libopencm3-master/lib\libopencm3_stm32f7.a(gpio_common_f0234.o)
                0x0000000008003aea                gpio_set_af
 *fill*         0x0000000008003b3e        0x2 
 .text.i2c_reset
                0x0000000008003b40       0x44 ../libopencm3-master/lib\libopencm3_stm32f7.a(i2c_common_v2.o)
                0x0000000008003b40                i2c_reset
 .text.i2c_peripheral_enable
                0x0000000008003b84        0xa ../libopencm3-master/lib\libopencm3_stm32f7.a(i2c_common_v2.o)
                0x0000000008003b84                i2c_peripheral_enable
 .text.i2c_peripheral_disable
                0x0000000008003b8e        0xa ../libopencm3-master/lib\libopencm3_stm32f7.a(i2c_common_v2.o)
                0x0000000008003b8e                i2c_peripheral_disable
 .text.i2c_enable_analog_filter
                0x0000000008003b98        0xa ../libopencm3-master/lib\libopencm3_stm32f7.a(i2c_common_v2.o)
                0x0000000008003b98                i2c_enable_analog_filter
 .text.i2c_set_digital_filter
                0x0000000008003ba2        0xe ../libopencm3-master/lib\libopencm3_stm32f7.a(i2c_common_v2.o)
                0x0000000008003ba2                i2c_set_digital_filter
 .text.i2c_set_prescaler
                0x0000000008003bb0        0xe ../libopencm3-master/lib\libopencm3_stm32f7.a(i2c_common_v2.o)
                0x0000000008003bb0                i2c_set_prescaler
 .text.i2c_set_data_setup_time
                0x0000000008003bbe        0xe ../libopencm3-master/lib\libopencm3_stm32f7.a(i2c_common_v2.o)
                0x0000000008003bbe                i2c_set_data_setup_time
 .text.i2c_set_data_hold_time
                0x0000000008003bcc        0xe ../libopencm3-master/lib\libopencm3_stm32f7.a(i2c_common_v2.o)
                0x0000000008003bcc                i2c_set_data_hold_time
 .text.i2c_set_scl_high_period
                0x0000000008003bda        0xe ../libopencm3-master/lib\libopencm3_stm32f7.a(i2c_common_v2.o)
                0x0000000008003bda                i2c_set_scl_high_period
 .text.i2c_set_scl_low_period
                0x0000000008003be8        0xc ../libopencm3-master/lib\libopencm3_stm32f7.a(i2c_common_v2.o)
                0x0000000008003be8                i2c_set_scl_low_period
 .text.i2c_set_speed
                0x0000000008003bf4       0x56 ../libopencm3-master/lib\libopencm3_stm32f7.a(i2c_common_v2.o)
                0x0000000008003bf4                i2c_set_speed
 *fill*         0x0000000008003c4a        0x2 
 .text.rcc_wait_for_osc_ready.part.0
                0x0000000008003c4c       0x10 ../libopencm3-master/lib\libopencm3_stm32f7.a(rcc.o)
 .text.rcc_wait_for_sysclk_status.part.0
                0x0000000008003c5c       0x14 ../libopencm3-master/lib\libopencm3_stm32f7.a(rcc.o)
 .text.rcc_wait_for_osc_ready
                0x0000000008003c70       0x48 ../libopencm3-master/lib\libopencm3_stm32f7.a(rcc.o)
                0x0000000008003c70                rcc_wait_for_osc_ready
 .text.rcc_osc_on
                0x0000000008003cb8       0x44 ../libopencm3-master/lib\libopencm3_stm32f7.a(rcc.o)
                0x0000000008003cb8                rcc_osc_on
 .text.rcc_set_sysclk_source
                0x0000000008003cfc       0x14 ../libopencm3-master/lib\libopencm3_stm32f7.a(rcc.o)
                0x0000000008003cfc                rcc_set_sysclk_source
 .text.rcc_set_ppre2
                0x0000000008003d10       0x14 ../libopencm3-master/lib\libopencm3_stm32f7.a(rcc.o)
                0x0000000008003d10                rcc_set_ppre2
 .text.rcc_set_ppre1
                0x0000000008003d24       0x14 ../libopencm3-master/lib\libopencm3_stm32f7.a(rcc.o)
                0x0000000008003d24                rcc_set_ppre1
 .text.rcc_set_hpre
                0x0000000008003d38       0x14 ../libopencm3-master/lib\libopencm3_stm32f7.a(rcc.o)
                0x0000000008003d38                rcc_set_hpre
 .text.rcc_set_main_pll_hsi
                0x0000000008003d4c       0x1c ../libopencm3-master/lib\libopencm3_stm32f7.a(rcc.o)
                0x0000000008003d4c                rcc_set_main_pll_hsi
 .text.rcc_clock_setup_hsi
                0x0000000008003d68       0x94 ../libopencm3-master/lib\libopencm3_stm32f7.a(rcc.o)
                0x0000000008003d68                rcc_clock_setup_hsi
 .text.rcc_get_spi_clk_freq
                0x0000000008003dfc       0x20 ../libopencm3-master/lib\libopencm3_stm32f7.a(rcc.o)
                0x0000000008003dfc                rcc_get_spi_clk_freq
 .text.rcc_periph_clock_enable
                0x0000000008003e1c       0x1c ../libopencm3-master/lib\libopencm3_stm32f7.a(rcc_common_all.o)
                0x0000000008003e1c                rcc_periph_clock_enable
 .text.rcc_periph_reset_pulse
                0x0000000008003e38       0x24 ../libopencm3-master/lib\libopencm3_stm32f7.a(rcc_common_all.o)
                0x0000000008003e38                rcc_periph_reset_pulse
 .text.timer_enable_irq
                0x0000000008003e5c        0x8 ../libopencm3-master/lib\libopencm3_stm32f7.a(timer_common_all.o)
                0x0000000008003e5c                timer_enable_irq
 .text.timer_clear_flag
                0x0000000008003e64        0x6 ../libopencm3-master/lib\libopencm3_stm32f7.a(timer_common_all.o)
                0x0000000008003e64                timer_clear_flag
 .text.timer_one_shot_mode
                0x0000000008003e6a        0xa ../libopencm3-master/lib\libopencm3_stm32f7.a(timer_common_all.o)
                0x0000000008003e6a                timer_one_shot_mode
 .text.timer_continuous_mode
                0x0000000008003e74        0xa ../libopencm3-master/lib\libopencm3_stm32f7.a(timer_common_all.o)
                0x0000000008003e74                timer_continuous_mode
 .text.timer_enable_counter
                0x0000000008003e7e        0xa ../libopencm3-master/lib\libopencm3_stm32f7.a(timer_common_all.o)
                0x0000000008003e7e                timer_enable_counter
 .text.timer_set_prescaler
                0x0000000008003e88        0x4 ../libopencm3-master/lib\libopencm3_stm32f7.a(timer_common_all.o)
                0x0000000008003e88                timer_set_prescaler
 .text.timer_set_period
                0x0000000008003e8c        0x4 ../libopencm3-master/lib\libopencm3_stm32f7.a(timer_common_all.o)
                0x0000000008003e8c                timer_set_period
 .text.usart_set_baudrate
                0x0000000008003e90       0x2c ../libopencm3-master/lib\libopencm3_stm32f7.a(usart_common_all.o)
                0x0000000008003e90                usart_set_baudrate
 .text.usart_set_databits
                0x0000000008003ebc       0x12 ../libopencm3-master/lib\libopencm3_stm32f7.a(usart_common_all.o)
                0x0000000008003ebc                usart_set_databits
 .text.usart_set_stopbits
                0x0000000008003ece        0xc ../libopencm3-master/lib\libopencm3_stm32f7.a(usart_common_all.o)
                0x0000000008003ece                usart_set_stopbits
 .text.usart_set_parity
                0x0000000008003eda        0xc ../libopencm3-master/lib\libopencm3_stm32f7.a(usart_common_all.o)
                0x0000000008003eda                usart_set_parity
 .text.usart_set_mode
                0x0000000008003ee6        0xc ../libopencm3-master/lib\libopencm3_stm32f7.a(usart_common_all.o)
                0x0000000008003ee6                usart_set_mode
 .text.usart_set_flow_control
                0x0000000008003ef2        0xc ../libopencm3-master/lib\libopencm3_stm32f7.a(usart_common_all.o)
                0x0000000008003ef2                usart_set_flow_control
 .text.usart_enable
                0x0000000008003efe        0xa ../libopencm3-master/lib\libopencm3_stm32f7.a(usart_common_all.o)
                0x0000000008003efe                usart_enable
 .text.usart_send_blocking
                0x0000000008003f08       0x18 ../libopencm3-master/lib\libopencm3_stm32f7.a(usart_common_all.o)
                0x0000000008003f08                usart_send_blocking
 .text.usart_send
                0x0000000008003f20        0x8 ../libopencm3-master/lib\libopencm3_stm32f7.a(usart_common_v2.o)
                0x0000000008003f20                usart_send
 .text.usart_wait_send_ready
                0x0000000008003f28        0x8 ../libopencm3-master/lib\libopencm3_stm32f7.a(usart_common_v2.o)
                0x0000000008003f28                usart_wait_send_ready
 .text.blocking_handler
                0x0000000008003f30        0x2 ../libopencm3-master/lib\libopencm3_stm32f7.a(vector.o)
                0x0000000008003f30                i2c4_ev_isr
                0x0000000008003f30                dma2_stream1_isr
                0x0000000008003f30                tim8_brk_tim12_isr
                0x0000000008003f30                dma1_stream7_isr
                0x0000000008003f30                usart3_isr
                0x0000000008003f30                dfsdm1_flt3_isr
                0x0000000008003f30                dma2d_isr
                0x0000000008003f30                uart8_isr
                0x0000000008003f30                dma1_stream2_isr
                0x0000000008003f30                dsihost_isr
                0x0000000008003f30                i2c4_er_isr
                0x0000000008003f30                otg_hs_isr
                0x0000000008003f30                dfsdm1_flt2_isr
                0x0000000008003f30                blocking_handler
                0x0000000008003f30                tim5_isr
                0x0000000008003f30                rtc_wkup_isr
                0x0000000008003f30                otg_fs_isr
                0x0000000008003f30                spi1_isr
                0x0000000008003f30                i2c3_er_isr
                0x0000000008003f30                exti2_isr
                0x0000000008003f30                spi5_isr
                0x0000000008003f30                usb_fs_wkup_isr
                0x0000000008003f30                tamp_stamp_isr
                0x0000000008003f30                can1_rx1_isr
                0x0000000008003f30                dma2_stream0_isr
                0x0000000008003f30                usart1_isr
                0x0000000008003f30                i2c3_ev_isr
                0x0000000008003f30                usage_fault_handler
                0x0000000008003f30                can2_rx0_isr
                0x0000000008003f30                dma1_stream6_isr
                0x0000000008003f30                can2_rx1_isr
                0x0000000008003f30                can1_sce_isr
                0x0000000008003f30                tim1_cc_isr
                0x0000000008003f30                can1_tx_isr
                0x0000000008003f30                tim1_up_tim10_isr
                0x0000000008003f30                eth_isr
                0x0000000008003f30                spi6_isr
                0x0000000008003f30                dma2_stream5_isr
                0x0000000008003f30                pvd_isr
                0x0000000008003f30                can1_rx0_isr
                0x0000000008003f30                rcc_isr
                0x0000000008003f30                dma2_stream3_isr
                0x0000000008003f30                flash_isr
                0x0000000008003f30                uart4_isr
                0x0000000008003f30                lcd_tft_isr
                0x0000000008003f30                rtc_alarm_isr
                0x0000000008003f30                exti15_10_isr
                0x0000000008003f30                hash_rng_isr
                0x0000000008003f30                tim1_trg_com_tim11_isr
                0x0000000008003f30                hard_fault_handler
                0x0000000008003f30                exti1_isr
                0x0000000008003f30                i2c1_ev_isr
                0x0000000008003f30                usart6_isr
                0x0000000008003f30                sdmmc2_isr
                0x0000000008003f30                spi2_isr
                0x0000000008003f30                cryp_isr
                0x0000000008003f30                nvic_wwdg_isr
                0x0000000008003f30                dma1_stream1_isr
                0x0000000008003f30                dma2_stream4_isr
                0x0000000008003f30                exti3_isr
                0x0000000008003f30                tim3_isr
                0x0000000008003f30                usart2_isr
                0x0000000008003f30                sai1_isr
                0x0000000008003f30                fpu_isr
                0x0000000008003f30                dma1_stream4_isr
                0x0000000008003f30                i2c2_er_isr
                0x0000000008003f30                i2c2_ev_isr
                0x0000000008003f30                dfsdm1_flt0_isr
                0x0000000008003f30                uart5_isr
                0x0000000008003f30                dma2_stream6_isr
                0x0000000008003f30                spi4_isr
                0x0000000008003f30                adc_isr
                0x0000000008003f30                dma2_stream7_isr
                0x0000000008003f30                tim8_up_tim13_isr
                0x0000000008003f30                fsmc_isr
                0x0000000008003f30                exti4_isr
                0x0000000008003f30                tim6_dac_isr
                0x0000000008003f30                spdifrx_isr
                0x0000000008003f30                lp_timer1_isr
                0x0000000008003f30                dma1_stream3_isr
                0x0000000008003f30                tim8_trg_com_tim14_isr
                0x0000000008003f30                mem_manage_handler
                0x0000000008003f30                lcd_tft_err_isr
                0x0000000008003f30                can2_tx_isr
                0x0000000008003f30                exti9_5_isr
                0x0000000008003f30                tim1_brk_tim9_isr
                0x0000000008003f30                uart7_isr
                0x0000000008003f30                can2_sce_isr
                0x0000000008003f30                tim4_isr
                0x0000000008003f30                hdmi_cec_isr
                0x0000000008003f30                sai2_isr
                0x0000000008003f30                otg_hs_wkup_isr
                0x0000000008003f30                i2c1_er_isr
                0x0000000008003f30                dma1_stream0_isr
                0x0000000008003f30                tim8_cc_isr
                0x0000000008003f30                dcmi_isr
                0x0000000008003f30                dfsdm1_flt1_isr
                0x0000000008003f30                dma2_stream2_isr
                0x0000000008003f30                eth_wkup_isr
                0x0000000008003f30                bus_fault_handler
                0x0000000008003f30                otg_hs_ep1_out_isr
                0x0000000008003f30                sdmmc1_isr
                0x0000000008003f30                spi3_isr
                0x0000000008003f30                quadspi_isr
                0x0000000008003f30                dma1_stream5_isr
                0x0000000008003f30                otg_hs_ep1_in_isr
                0x0000000008003f30                tim2_isr
                0x0000000008003f30                exti0_isr
 .text.null_handler
                0x0000000008003f32        0x2 ../libopencm3-master/lib\libopencm3_stm32f7.a(vector.o)
                0x0000000008003f32                sv_call_handler
                0x0000000008003f32                pend_sv_handler
                0x0000000008003f32                debug_monitor_handler
                0x0000000008003f32                sys_tick_handler
                0x0000000008003f32                nmi_handler
                0x0000000008003f32                null_handler
 .text.reset_handler
                0x0000000008003f34       0x98 ../libopencm3-master/lib\libopencm3_stm32f7.a(vector.o)
                0x0000000008003f34                reset_handler
 .text.nvic_enable_irq
                0x0000000008003fcc       0x1c ../libopencm3-master/lib\libopencm3_stm32f7.a(nvic.o)
                0x0000000008003fcc                nvic_enable_irq
 .text.flash_prefetch_enable
                0x0000000008003fe8       0x10 ../libopencm3-master/lib\libopencm3_stm32f7.a(flash_common_all.o)
                0x0000000008003fe8                flash_prefetch_enable
 .text.flash_set_ws
                0x0000000008003ff8       0x14 ../libopencm3-master/lib\libopencm3_stm32f7.a(flash_common_all.o)
                0x0000000008003ff8                flash_set_ws
 .text.flash_art_enable
                0x000000000800400c       0x10 ../libopencm3-master/lib\libopencm3_stm32f7.a(flash.o)
                0x000000000800400c                flash_art_enable
 .text.pwr_set_vos_scale
                0x000000000800401c       0x34 ../libopencm3-master/lib\libopencm3_stm32f7.a(pwr.o)
                0x000000000800401c                pwr_set_vos_scale
 .text.pwr_enable_overdrive
                0x0000000008004050       0x2c ../libopencm3-master/lib\libopencm3_stm32f7.a(pwr.o)
                0x0000000008004050                pwr_enable_overdrive
 .text          0x000000000800407c       0x30 d:/programs/stm32cubeide_1.4.0/stm32cubeide/plugins/com.st.stm32cube.ide.mcu.externaltools.gnu-tools-for-stm32.7-2018-q2-update.win32_1.4.0.202007081208/tools/bin/../lib/gcc/arm-none-eabi/7.3.1/thumb/v7e-m/fpv5/hard\libgcc.a(_aeabi_uldivmod.o)
                0x000000000800407c                __aeabi_uldivmod
 .text          0x00000000080040ac      0x2cc d:/programs/stm32cubeide_1.4.0/stm32cubeide/plugins/com.st.stm32cube.ide.mcu.externaltools.gnu-tools-for-stm32.7-2018-q2-update.win32_1.4.0.202007081208/tools/bin/../lib/gcc/arm-none-eabi/7.3.1/thumb/v7e-m/fpv5/hard\libgcc.a(_udivmoddi4.o)
                0x00000000080040ac                __udivmoddi4
 .text          0x0000000008004378        0x4 d:/programs/stm32cubeide_1.4.0/stm32cubeide/plugins/com.st.stm32cube.ide.mcu.externaltools.gnu-tools-for-stm32.7-2018-q2-update.win32_1.4.0.202007081208/tools/bin/../lib/gcc/arm-none-eabi/7.3.1/thumb/v7e-m/fpv5/hard\libgcc.a(_dvmd_tls.o)
                0x0000000008004378                __aeabi_idiv0
                0x0000000008004378                __aeabi_ldiv0
                0x000000000800437c                . = ALIGN (0x4)
 *(.rodata*)
 .rodata.main.str1.4
                0x000000000800437c       0x20 build/i2c_oled.o
                                         0x1d (size before relaxing)
 .rodata._global_impure_ptr
                0x000000000800439c        0x4 d:/programs/stm32cubeide_1.4.0/stm32cubeide/plugins/com.st.stm32cube.ide.mcu.externaltools.gnu-tools-for-stm32.7-2018-q2-update.win32_1.4.0.202007081208/tools/bin/../lib/gcc/arm-none-eabi/7.3.1/../../../../arm-none-eabi/lib/thumb/v7e-m/fpv5/hard\libc.a(lib_a-impure.o)
                0x000000000800439c                _global_impure_ptr
 .rodata._svfprintf_r.str1.1
                0x00000000080043a0       0x34 d:/programs/stm32cubeide_1.4.0/stm32cubeide/plugins/com.st.stm32cube.ide.mcu.externaltools.gnu-tools-for-stm32.7-2018-q2-update.win32_1.4.0.202007081208/tools/bin/../lib/gcc/arm-none-eabi/7.3.1/../../../../arm-none-eabi/lib/thumb/v7e-m/fpv5/hard\libc.a(lib_a-svfprintf.o)
 .rodata.blanks.8590
                0x00000000080043d4       0x10 d:/programs/stm32cubeide_1.4.0/stm32cubeide/plugins/com.st.stm32cube.ide.mcu.externaltools.gnu-tools-for-stm32.7-2018-q2-update.win32_1.4.0.202007081208/tools/bin/../lib/gcc/arm-none-eabi/7.3.1/../../../../arm-none-eabi/lib/thumb/v7e-m/fpv5/hard\libc.a(lib_a-svfprintf.o)
 .rodata.zeroes.8591
                0x00000000080043e4       0x10 d:/programs/stm32cubeide_1.4.0/stm32cubeide/plugins/com.st.stm32cube.ide.mcu.externaltools.gnu-tools-for-stm32.7-2018-q2-update.win32_1.4.0.202007081208/tools/bin/../lib/gcc/arm-none-eabi/7.3.1/../../../../arm-none-eabi/lib/thumb/v7e-m/fpv5/hard\libc.a(lib_a-svfprintf.o)
 .rodata._dtoa_r.str1.1
                0x00000000080043f4        0xd d:/programs/stm32cubeide_1.4.0/stm32cubeide/plugins/com.st.stm32cube.ide.mcu.externaltools.gnu-tools-for-stm32.7-2018-q2-update.win32_1.4.0.202007081208/tools/bin/../lib/gcc/arm-none-eabi/7.3.1/../../../../arm-none-eabi/lib/thumb/v7e-m/fpv5/hard\libc.a(lib_a-dtoa.o)
                                          0xf (size before relaxing)
 *fill*         0x0000000008004401        0x7 
 .rodata.__mprec_bigtens
                0x0000000008004408       0x28 d:/programs/stm32cubeide_1.4.0/stm32cubeide/plugins/com.st.stm32cube.ide.mcu.externaltools.gnu-tools-for-stm32.7-2018-q2-update.win32_1.4.0.202007081208/tools/bin/../lib/gcc/arm-none-eabi/7.3.1/../../../../arm-none-eabi/lib/thumb/v7e-m/fpv5/hard\libc.a(lib_a-mprec.o)
                0x0000000008004408                __mprec_bigtens
 .rodata.__mprec_tens
                0x0000000008004430       0xc8 d:/programs/stm32cubeide_1.4.0/stm32cubeide/plugins/com.st.stm32cube.ide.mcu.externaltools.gnu-tools-for-stm32.7-2018-q2-update.win32_1.4.0.202007081208/tools/bin/../lib/gcc/arm-none-eabi/7.3.1/../../../../arm-none-eabi/lib/thumb/v7e-m/fpv5/hard\libc.a(lib_a-mprec.o)
                0x0000000008004430                __mprec_tens
 .rodata.p05.7368
                0x00000000080044f8        0xc d:/programs/stm32cubeide_1.4.0/stm32cubeide/plugins/com.st.stm32cube.ide.mcu.externaltools.gnu-tools-for-stm32.7-2018-q2-update.win32_1.4.0.202007081208/tools/bin/../lib/gcc/arm-none-eabi/7.3.1/../../../../arm-none-eabi/lib/thumb/v7e-m/fpv5/hard\libc.a(lib_a-mprec.o)
 .rodata._setlocale_r.str1.1
                0x0000000008004504        0x8 d:/programs/stm32cubeide_1.4.0/stm32cubeide/plugins/com.st.stm32cube.ide.mcu.externaltools.gnu-tools-for-stm32.7-2018-q2-update.win32_1.4.0.202007081208/tools/bin/../lib/gcc/arm-none-eabi/7.3.1/../../../../arm-none-eabi/lib/thumb/v7e-m/fpv5/hard\libc.a(lib_a-locale.o)
                                          0x9 (size before relaxing)
 .rodata.str1.1
                0x000000000800450c        0x2 d:/programs/stm32cubeide_1.4.0/stm32cubeide/plugins/com.st.stm32cube.ide.mcu.externaltools.gnu-tools-for-stm32.7-2018-q2-update.win32_1.4.0.202007081208/tools/bin/../lib/gcc/arm-none-eabi/7.3.1/../../../../arm-none-eabi/lib/thumb/v7e-m/fpv5/hard\libc.a(lib_a-locale.o)
 .rodata._ctype_
                0x000000000800450e      0x101 d:/programs/stm32cubeide_1.4.0/stm32cubeide/plugins/com.st.stm32cube.ide.mcu.externaltools.gnu-tools-for-stm32.7-2018-q2-update.win32_1.4.0.202007081208/tools/bin/../lib/gcc/arm-none-eabi/7.3.1/../../../../arm-none-eabi/lib/thumb/v7e-m/fpv5/hard\libc.a(lib_a-ctype_.o)
                0x000000000800450e                _ctype_
 *fill*         0x000000000800460f        0x1 
 .rodata.rcc_3v3
                0x0000000008004610       0xa8 ../libopencm3-master/lib\libopencm3_stm32f7.a(rcc.o)
                0x0000000008004610                rcc_3v3
                0x00000000080046b8                . = ALIGN (0x4)

.glue_7         0x00000000080046b8        0x0
 .glue_7        0x00000000080046b8        0x0 linker stubs

.glue_7t        0x00000000080046b8        0x0
 .glue_7t       0x00000000080046b8        0x0 linker stubs

.vfp11_veneer   0x00000000080046b8        0x0
 .vfp11_veneer  0x00000000080046b8        0x0 linker stubs

.v4_bx          0x00000000080046b8        0x0
 .v4_bx         0x00000000080046b8        0x0 linker stubs

.init           0x00000000080046b8        0x4
 .init          0x00000000080046b8        0x4 d:/programs/stm32cubeide_1.4.0/stm32cubeide/plugins/com.st.stm32cube.ide.mcu.externaltools.gnu-tools-for-stm32.7-2018-q2-update.win32_1.4.0.202007081208/tools/bin/../lib/gcc/arm-none-eabi/7.3.1/thumb/v7e-m/fpv5/hard/crti.o
                0x00000000080046b8                _init

.fini           0x00000000080046bc        0x4
 .fini          0x00000000080046bc        0x4 d:/programs/stm32cubeide_1.4.0/stm32cubeide/plugins/com.st.stm32cube.ide.mcu.externaltools.gnu-tools-for-stm32.7-2018-q2-update.win32_1.4.0.202007081208/tools/bin/../lib/gcc/arm-none-eabi/7.3.1/thumb/v7e-m/fpv5/hard/crti.o
                0x00000000080046bc                _fini

.iplt           0x00000000080046c0        0x0
 .iplt          0x00000000080046c0        0x0 d:/programs/stm32cubeide_1.4.0/stm32cubeide/plugins/com.st.stm32cube.ide.mcu.externaltools.gnu-tools-for-stm32.7-2018-q2-update.win32_1.4.0.202007081208/tools/bin/../lib/gcc/arm-none-eabi/7.3.1/thumb/v7e-m/fpv5/hard/crtbegin.o

.eh_frame       0x00000000080046c0        0x0
 .eh_frame      0x00000000080046c0        0x0 d:/programs/stm32cubeide_1.4.0/stm32cubeide/plugins/com.st.stm32cube.ide.mcu.externaltools.gnu-tools-for-stm32.7-2018-q2-update.win32_1.4.0.202007081208/tools/bin/../lib/gcc/arm-none-eabi/7.3.1/thumb/v7e-m/fpv5/hard/crtbegin.o

.preinit_array  0x00000000080046c0        0x0
                0x00000000080046c0                . = ALIGN (0x4)
                0x00000000080046c0                __preinit_array_start = .
 *(.preinit_array)
                0x00000000080046c0                __preinit_array_end = .

.init_array     0x00000000080046c0        0x8
                0x00000000080046c0                . = ALIGN (0x4)
                0x00000000080046c0                __init_array_start = .
 *(SORT_BY_NAME(.init_array.*))
 .init_array.00000
                0x00000000080046c0        0x4 d:/programs/stm32cubeide_1.4.0/stm32cubeide/plugins/com.st.stm32cube.ide.mcu.externaltools.gnu-tools-for-stm32.7-2018-q2-update.win32_1.4.0.202007081208/tools/bin/../lib/gcc/arm-none-eabi/7.3.1/../../../../arm-none-eabi/lib/thumb/v7e-m/fpv5/hard\libc.a(lib_a-__call_atexit.o)
 *(.init_array)
 .init_array    0x00000000080046c4        0x4 d:/programs/stm32cubeide_1.4.0/stm32cubeide/plugins/com.st.stm32cube.ide.mcu.externaltools.gnu-tools-for-stm32.7-2018-q2-update.win32_1.4.0.202007081208/tools/bin/../lib/gcc/arm-none-eabi/7.3.1/thumb/v7e-m/fpv5/hard/crtbegin.o
                0x00000000080046c8                __init_array_end = .

.fini_array     0x00000000080046c8        0x4
                0x00000000080046c8                . = ALIGN (0x4)
                0x00000000080046c8                __fini_array_start = .
 *(.fini_array)
 .fini_array    0x00000000080046c8        0x4 d:/programs/stm32cubeide_1.4.0/stm32cubeide/plugins/com.st.stm32cube.ide.mcu.externaltools.gnu-tools-for-stm32.7-2018-q2-update.win32_1.4.0.202007081208/tools/bin/../lib/gcc/arm-none-eabi/7.3.1/thumb/v7e-m/fpv5/hard/crtbegin.o
 *(SORT_BY_NAME(.fini_array.*))
                0x00000000080046cc                __fini_array_end = .

.ARM.extab
 *(.ARM.extab*)

.ARM.exidx      0x00000000080046cc        0x8
                0x00000000080046cc                __exidx_start = .
 *(.ARM.exidx*)
 .ARM.exidx     0x00000000080046cc        0x8 d:/programs/stm32cubeide_1.4.0/stm32cubeide/plugins/com.st.stm32cube.ide.mcu.externaltools.gnu-tools-for-stm32.7-2018-q2-update.win32_1.4.0.202007081208/tools/bin/../lib/gcc/arm-none-eabi/7.3.1/thumb/v7e-m/fpv5/hard\libgcc.a(_udivmoddi4.o)
                0x00000000080046d4                __exidx_end = .

.rel.dyn        0x00000000080046d4        0x0
 .rel.iplt      0x00000000080046d4        0x0 d:/programs/stm32cubeide_1.4.0/stm32cubeide/plugins/com.st.stm32cube.ide.mcu.externaltools.gnu-tools-for-stm32.7-2018-q2-update.win32_1.4.0.202007081208/tools/bin/../lib/gcc/arm-none-eabi/7.3.1/thumb/v7e-m/fpv5/hard/crtbegin.o
                0x00000000080046d4                . = ALIGN (0x4)
                0x00000000080046d4                _etext = .

.data           0x0000000020000000      0x9bc load address 0x00000000080046d4
                0x0000000020000000                _data = .
 *(.data*)
 .data._impure_ptr
                0x0000000020000000        0x4 d:/programs/stm32cubeide_1.4.0/stm32cubeide/plugins/com.st.stm32cube.ide.mcu.externaltools.gnu-tools-for-stm32.7-2018-q2-update.win32_1.4.0.202007081208/tools/bin/../lib/gcc/arm-none-eabi/7.3.1/../../../../arm-none-eabi/lib/thumb/v7e-m/fpv5/hard\libc.a(lib_a-impure.o)
                0x0000000020000000                _impure_ptr
 *fill*         0x0000000020000004        0x4 
 .data.impure_data
                0x0000000020000008      0x428 d:/programs/stm32cubeide_1.4.0/stm32cubeide/plugins/com.st.stm32cube.ide.mcu.externaltools.gnu-tools-for-stm32.7-2018-q2-update.win32_1.4.0.202007081208/tools/bin/../lib/gcc/arm-none-eabi/7.3.1/../../../../arm-none-eabi/lib/thumb/v7e-m/fpv5/hard\libc.a(lib_a-impure.o)
 .data.__atexit_recursive_mutex
                0x0000000020000430        0x4 d:/programs/stm32cubeide_1.4.0/stm32cubeide/plugins/com.st.stm32cube.ide.mcu.externaltools.gnu-tools-for-stm32.7-2018-q2-update.win32_1.4.0.202007081208/tools/bin/../lib/gcc/arm-none-eabi/7.3.1/../../../../arm-none-eabi/lib/thumb/v7e-m/fpv5/hard\libc.a(lib_a-__call_atexit.o)
                0x0000000020000430                __atexit_recursive_mutex
 .data.__malloc_av_
                0x0000000020000434      0x408 d:/programs/stm32cubeide_1.4.0/stm32cubeide/plugins/com.st.stm32cube.ide.mcu.externaltools.gnu-tools-for-stm32.7-2018-q2-update.win32_1.4.0.202007081208/tools/bin/../lib/gcc/arm-none-eabi/7.3.1/../../../../arm-none-eabi/lib/thumb/v7e-m/fpv5/hard\libc.a(lib_a-mallocr.o)
                0x0000000020000434                __malloc_av_
 .data.__malloc_sbrk_base
                0x000000002000083c        0x4 d:/programs/stm32cubeide_1.4.0/stm32cubeide/plugins/com.st.stm32cube.ide.mcu.externaltools.gnu-tools-for-stm32.7-2018-q2-update.win32_1.4.0.202007081208/tools/bin/../lib/gcc/arm-none-eabi/7.3.1/../../../../arm-none-eabi/lib/thumb/v7e-m/fpv5/hard\libc.a(lib_a-mallocr.o)
                0x000000002000083c                __malloc_sbrk_base
 .data.__malloc_trim_threshold
                0x0000000020000840        0x4 d:/programs/stm32cubeide_1.4.0/stm32cubeide/plugins/com.st.stm32cube.ide.mcu.externaltools.gnu-tools-for-stm32.7-2018-q2-update.win32_1.4.0.202007081208/tools/bin/../lib/gcc/arm-none-eabi/7.3.1/../../../../arm-none-eabi/lib/thumb/v7e-m/fpv5/hard\libc.a(lib_a-mallocr.o)
                0x0000000020000840                __malloc_trim_threshold
 .data.__global_locale
                0x0000000020000844      0x16c d:/programs/stm32cubeide_1.4.0/stm32cubeide/plugins/com.st.stm32cube.ide.mcu.externaltools.gnu-tools-for-stm32.7-2018-q2-update.win32_1.4.0.202007081208/tools/bin/../lib/gcc/arm-none-eabi/7.3.1/../../../../arm-none-eabi/lib/thumb/v7e-m/fpv5/hard\libc.a(lib_a-locale.o)
                0x0000000020000844                __global_locale
 .data.rcc_ahb_frequency
                0x00000000200009b0        0x4 ../libopencm3-master/lib\libopencm3_stm32f7.a(rcc.o)
                0x00000000200009b0                rcc_ahb_frequency
 .data.rcc_apb1_frequency
                0x00000000200009b4        0x4 ../libopencm3-master/lib\libopencm3_stm32f7.a(rcc.o)
                0x00000000200009b4                rcc_apb1_frequency
 .data.rcc_apb2_frequency
                0x00000000200009b8        0x4 ../libopencm3-master/lib\libopencm3_stm32f7.a(rcc.o)
                0x00000000200009b8                rcc_apb2_frequency
                0x00000000200009bc                . = ALIGN (0x4)
                0x00000000200009bc                _edata = .
                0x00000000080046d4                _data_loadaddr = LOADADDR (.data)

.igot.plt       0x00000000200009bc        0x0 load address 0x0000000008005090
 .igot.plt      0x00000000200009bc        0x0 d:/programs/stm32cubeide_1.4.0/stm32cubeide/plugins/com.st.stm32cube.ide.mcu.externaltools.gnu-tools-for-stm32.7-2018-q2-update.win32_1.4.0.202007081208/tools/bin/../lib/gcc/arm-none-eabi/7.3.1/thumb/v7e-m/fpv5/hard/crtbegin.o

.bss            0x00000000200009bc       0x94 load address 0x0000000008005090
 *(.bss*)
 .bss           0x00000000200009bc       0x1c d:/programs/stm32cubeide_1.4.0/stm32cubeide/plugins/com.st.stm32cube.ide.mcu.externaltools.gnu-tools-for-stm32.7-2018-q2-update.win32_1.4.0.202007081208/tools/bin/../lib/gcc/arm-none-eabi/7.3.1/thumb/v7e-m/fpv5/hard/crtbegin.o
 .bss.ticks     0x00000000200009d8        0x4 build/i2c_oled.o
                0x00000000200009d8                ticks
 .bss.__malloc_current_mallinfo
                0x00000000200009dc       0x28 d:/programs/stm32cubeide_1.4.0/stm32cubeide/plugins/com.st.stm32cube.ide.mcu.externaltools.gnu-tools-for-stm32.7-2018-q2-update.win32_1.4.0.202007081208/tools/bin/../lib/gcc/arm-none-eabi/7.3.1/../../../../arm-none-eabi/lib/thumb/v7e-m/fpv5/hard\libc.a(lib_a-mallocr.o)
                0x00000000200009dc                __malloc_current_mallinfo
 .bss.__malloc_max_sbrked_mem
                0x0000000020000a04        0x4 d:/programs/stm32cubeide_1.4.0/stm32cubeide/plugins/com.st.stm32cube.ide.mcu.externaltools.gnu-tools-for-stm32.7-2018-q2-update.win32_1.4.0.202007081208/tools/bin/../lib/gcc/arm-none-eabi/7.3.1/../../../../arm-none-eabi/lib/thumb/v7e-m/fpv5/hard\libc.a(lib_a-mallocr.o)
                0x0000000020000a04                __malloc_max_sbrked_mem
 .bss.__malloc_max_total_mem
                0x0000000020000a08        0x4 d:/programs/stm32cubeide_1.4.0/stm32cubeide/plugins/com.st.stm32cube.ide.mcu.externaltools.gnu-tools-for-stm32.7-2018-q2-update.win32_1.4.0.202007081208/tools/bin/../lib/gcc/arm-none-eabi/7.3.1/../../../../arm-none-eabi/lib/thumb/v7e-m/fpv5/hard\libc.a(lib_a-mallocr.o)
                0x0000000020000a08                __malloc_max_total_mem
 .bss.__malloc_top_pad
                0x0000000020000a0c        0x4 d:/programs/stm32cubeide_1.4.0/stm32cubeide/plugins/com.st.stm32cube.ide.mcu.externaltools.gnu-tools-for-stm32.7-2018-q2-update.win32_1.4.0.202007081208/tools/bin/../lib/gcc/arm-none-eabi/7.3.1/../../../../arm-none-eabi/lib/thumb/v7e-m/fpv5/hard\libc.a(lib_a-mallocr.o)
                0x0000000020000a0c                __malloc_top_pad
 *(COMMON)
 COMMON         0x0000000020000a10       0x32 build/i2c_oled.o
                0x0000000020000a10                buffer
 COMMON         0x0000000020000a42        0x9 d:/programs/stm32cubeide_1.4.0/stm32cubeide/plugins/com.st.stm32cube.ide.mcu.externaltools.gnu-tools-for-stm32.7-2018-q2-update.win32_1.4.0.202007081208/tools/bin/../lib/gcc/arm-none-eabi/7.3.1/../../../../arm-none-eabi/lib/thumb/v7e-m/fpv5/hard\libc.a(lib_a-lock.o)
                0x0000000020000a42                __lock___atexit_recursive_mutex
                0x0000000020000a43                __lock___arc4random_mutex
                0x0000000020000a44                __lock___env_recursive_mutex
                0x0000000020000a45                __lock___sinit_recursive_mutex
                0x0000000020000a46                __lock___malloc_recursive_mutex
                0x0000000020000a47                __lock___at_quick_exit_mutex
                0x0000000020000a48                __lock___dd_hash_mutex
                0x0000000020000a49                __lock___tz_mutex
                0x0000000020000a4a                __lock___sfp_recursive_mutex
 *fill*         0x0000000020000a4b        0x1 
 COMMON         0x0000000020000a4c        0x4 d:/programs/stm32cubeide_1.4.0/stm32cubeide/plugins/com.st.stm32cube.ide.mcu.externaltools.gnu-tools-for-stm32.7-2018-q2-update.win32_1.4.0.202007081208/tools/bin/../lib/gcc/arm-none-eabi/7.3.1/../../../../arm-none-eabi/lib/thumb/v7e-m/fpv5/hard\libc.a(lib_a-reent.o)
                0x0000000020000a4c                errno
                0x0000000020000a50                . = ALIGN (0x4)
                0x0000000020000a50                _ebss = .
                0x0000000020080000                PROVIDE (_stack = (ORIGIN (ram) + LENGTH (ram)))
OUTPUT(build/i2c_oled.elf elf32-littlearm)

.ARM.attributes
                0x0000000000000000       0x2e
 .ARM.attributes
                0x0000000000000000       0x20 d:/programs/stm32cubeide_1.4.0/stm32cubeide/plugins/com.st.stm32cube.ide.mcu.externaltools.gnu-tools-for-stm32.7-2018-q2-update.win32_1.4.0.202007081208/tools/bin/../lib/gcc/arm-none-eabi/7.3.1/thumb/v7e-m/fpv5/hard/crti.o
 .ARM.attributes
                0x0000000000000020       0x32 d:/programs/stm32cubeide_1.4.0/stm32cubeide/plugins/com.st.stm32cube.ide.mcu.externaltools.gnu-tools-for-stm32.7-2018-q2-update.win32_1.4.0.202007081208/tools/bin/../lib/gcc/arm-none-eabi/7.3.1/thumb/v7e-m/fpv5/hard/crtbegin.o
 .ARM.attributes
                0x0000000000000052       0x37 build/i2c_oled.o
 .ARM.attributes
                0x0000000000000089       0x37 build/miniprintf.o
 .ARM.attributes
                0x00000000000000c0       0x32 d:/programs/stm32cubeide_1.4.0/stm32cubeide/plugins/com.st.stm32cube.ide.mcu.externaltools.gnu-tools-for-stm32.7-2018-q2-update.win32_1.4.0.202007081208/tools/bin/../lib/gcc/arm-none-eabi/7.3.1/../../../../arm-none-eabi/lib/thumb/v7e-m/fpv5/hard\libc.a(lib_a-impure.o)
 .ARM.attributes
                0x00000000000000f2       0x32 d:/programs/stm32cubeide_1.4.0/stm32cubeide/plugins/com.st.stm32cube.ide.mcu.externaltools.gnu-tools-for-stm32.7-2018-q2-update.win32_1.4.0.202007081208/tools/bin/../lib/gcc/arm-none-eabi/7.3.1/../../../../arm-none-eabi/lib/thumb/v7e-m/fpv5/hard\libc.a(lib_a-memcpy-stub.o)
 .ARM.attributes
                0x0000000000000124       0x32 d:/programs/stm32cubeide_1.4.0/stm32cubeide/plugins/com.st.stm32cube.ide.mcu.externaltools.gnu-tools-for-stm32.7-2018-q2-update.win32_1.4.0.202007081208/tools/bin/../lib/gcc/arm-none-eabi/7.3.1/../../../../arm-none-eabi/lib/thumb/v7e-m/fpv5/hard\libc.a(lib_a-memmove.o)
 .ARM.attributes
                0x0000000000000156       0x32 d:/programs/stm32cubeide_1.4.0/stm32cubeide/plugins/com.st.stm32cube.ide.mcu.externaltools.gnu-tools-for-stm32.7-2018-q2-update.win32_1.4.0.202007081208/tools/bin/../lib/gcc/arm-none-eabi/7.3.1/../../../../arm-none-eabi/lib/thumb/v7e-m/fpv5/hard\libc.a(lib_a-memset.o)
 .ARM.attributes
                0x0000000000000188       0x32 d:/programs/stm32cubeide_1.4.0/stm32cubeide/plugins/com.st.stm32cube.ide.mcu.externaltools.gnu-tools-for-stm32.7-2018-q2-update.win32_1.4.0.202007081208/tools/bin/../lib/gcc/arm-none-eabi/7.3.1/../../../../arm-none-eabi/lib/thumb/v7e-m/fpv5/hard\libc.a(lib_a-sprintf.o)
 .ARM.attributes
                0x00000000000001ba       0x19 d:/programs/stm32cubeide_1.4.0/stm32cubeide/plugins/com.st.stm32cube.ide.mcu.externaltools.gnu-tools-for-stm32.7-2018-q2-update.win32_1.4.0.202007081208/tools/bin/../lib/gcc/arm-none-eabi/7.3.1/../../../../arm-none-eabi/lib/thumb/v7e-m/fpv5/hard\libc.a(lib_a-strlen.o)
 .ARM.attributes
                0x00000000000001d3       0x32 d:/programs/stm32cubeide_1.4.0/stm32cubeide/plugins/com.st.stm32cube.ide.mcu.externaltools.gnu-tools-for-stm32.7-2018-q2-update.win32_1.4.0.202007081208/tools/bin/../lib/gcc/arm-none-eabi/7.3.1/../../../../arm-none-eabi/lib/thumb/v7e-m/fpv5/hard\libc.a(lib_a-svfprintf.o)
 .ARM.attributes
                0x0000000000000205       0x32 d:/programs/stm32cubeide_1.4.0/stm32cubeide/plugins/com.st.stm32cube.ide.mcu.externaltools.gnu-tools-for-stm32.7-2018-q2-update.win32_1.4.0.202007081208/tools/bin/../lib/gcc/arm-none-eabi/7.3.1/../../../../arm-none-eabi/lib/thumb/v7e-m/fpv5/hard\libc.a(lib_a-__call_atexit.o)
 .ARM.attributes
                0x0000000000000237       0x32 d:/programs/stm32cubeide_1.4.0/stm32cubeide/plugins/com.st.stm32cube.ide.mcu.externaltools.gnu-tools-for-stm32.7-2018-q2-update.win32_1.4.0.202007081208/tools/bin/../lib/gcc/arm-none-eabi/7.3.1/../../../../arm-none-eabi/lib/thumb/v7e-m/fpv5/hard\libc.a(lib_a-atexit.o)
 .ARM.attributes
                0x0000000000000269       0x32 d:/programs/stm32cubeide_1.4.0/stm32cubeide/plugins/com.st.stm32cube.ide.mcu.externaltools.gnu-tools-for-stm32.7-2018-q2-update.win32_1.4.0.202007081208/tools/bin/../lib/gcc/arm-none-eabi/7.3.1/../../../../arm-none-eabi/lib/thumb/v7e-m/fpv5/hard\libc.a(lib_a-dtoa.o)
 .ARM.attributes
                0x000000000000029b       0x32 d:/programs/stm32cubeide_1.4.0/stm32cubeide/plugins/com.st.stm32cube.ide.mcu.externaltools.gnu-tools-for-stm32.7-2018-q2-update.win32_1.4.0.202007081208/tools/bin/../lib/gcc/arm-none-eabi/7.3.1/../../../../arm-none-eabi/lib/thumb/v7e-m/fpv5/hard\libc.a(lib_a-fini.o)
 .ARM.attributes
                0x00000000000002cd       0x32 d:/programs/stm32cubeide_1.4.0/stm32cubeide/plugins/com.st.stm32cube.ide.mcu.externaltools.gnu-tools-for-stm32.7-2018-q2-update.win32_1.4.0.202007081208/tools/bin/../lib/gcc/arm-none-eabi/7.3.1/../../../../arm-none-eabi/lib/thumb/v7e-m/fpv5/hard\libc.a(lib_a-freer.o)
 .ARM.attributes
                0x00000000000002ff       0x32 d:/programs/stm32cubeide_1.4.0/stm32cubeide/plugins/com.st.stm32cube.ide.mcu.externaltools.gnu-tools-for-stm32.7-2018-q2-update.win32_1.4.0.202007081208/tools/bin/../lib/gcc/arm-none-eabi/7.3.1/../../../../arm-none-eabi/lib/thumb/v7e-m/fpv5/hard\libc.a(lib_a-localeconv.o)
 .ARM.attributes
                0x0000000000000331       0x32 d:/programs/stm32cubeide_1.4.0/stm32cubeide/plugins/com.st.stm32cube.ide.mcu.externaltools.gnu-tools-for-stm32.7-2018-q2-update.win32_1.4.0.202007081208/tools/bin/../lib/gcc/arm-none-eabi/7.3.1/../../../../arm-none-eabi/lib/thumb/v7e-m/fpv5/hard\libc.a(lib_a-lock.o)
 .ARM.attributes
                0x0000000000000363       0x32 d:/programs/stm32cubeide_1.4.0/stm32cubeide/plugins/com.st.stm32cube.ide.mcu.externaltools.gnu-tools-for-stm32.7-2018-q2-update.win32_1.4.0.202007081208/tools/bin/../lib/gcc/arm-none-eabi/7.3.1/../../../../arm-none-eabi/lib/thumb/v7e-m/fpv5/hard\libc.a(lib_a-mallocr.o)
 .ARM.attributes
                0x0000000000000395       0x1e d:/programs/stm32cubeide_1.4.0/stm32cubeide/plugins/com.st.stm32cube.ide.mcu.externaltools.gnu-tools-for-stm32.7-2018-q2-update.win32_1.4.0.202007081208/tools/bin/../lib/gcc/arm-none-eabi/7.3.1/../../../../arm-none-eabi/lib/thumb/v7e-m/fpv5/hard\libc.a(lib_a-memchr.o)
 .ARM.attributes
                0x00000000000003b3       0x32 d:/programs/stm32cubeide_1.4.0/stm32cubeide/plugins/com.st.stm32cube.ide.mcu.externaltools.gnu-tools-for-stm32.7-2018-q2-update.win32_1.4.0.202007081208/tools/bin/../lib/gcc/arm-none-eabi/7.3.1/../../../../arm-none-eabi/lib/thumb/v7e-m/fpv5/hard\libc.a(lib_a-mlock.o)
 .ARM.attributes
                0x00000000000003e5       0x32 d:/programs/stm32cubeide_1.4.0/stm32cubeide/plugins/com.st.stm32cube.ide.mcu.externaltools.gnu-tools-for-stm32.7-2018-q2-update.win32_1.4.0.202007081208/tools/bin/../lib/gcc/arm-none-eabi/7.3.1/../../../../arm-none-eabi/lib/thumb/v7e-m/fpv5/hard\libc.a(lib_a-mprec.o)
 .ARM.attributes
                0x0000000000000417       0x32 d:/programs/stm32cubeide_1.4.0/stm32cubeide/plugins/com.st.stm32cube.ide.mcu.externaltools.gnu-tools-for-stm32.7-2018-q2-update.win32_1.4.0.202007081208/tools/bin/../lib/gcc/arm-none-eabi/7.3.1/../../../../arm-none-eabi/lib/thumb/v7e-m/fpv5/hard\libc.a(lib_a-s_frexp.o)
 .ARM.attributes
                0x0000000000000449       0x32 d:/programs/stm32cubeide_1.4.0/stm32cubeide/plugins/com.st.stm32cube.ide.mcu.externaltools.gnu-tools-for-stm32.7-2018-q2-update.win32_1.4.0.202007081208/tools/bin/../lib/gcc/arm-none-eabi/7.3.1/../../../../arm-none-eabi/lib/thumb/v7e-m/fpv5/hard\libc.a(lib_a-sbrkr.o)
 .ARM.attributes
                0x000000000000047b       0x32 d:/programs/stm32cubeide_1.4.0/stm32cubeide/plugins/com.st.stm32cube.ide.mcu.externaltools.gnu-tools-for-stm32.7-2018-q2-update.win32_1.4.0.202007081208/tools/bin/../lib/gcc/arm-none-eabi/7.3.1/../../../../arm-none-eabi/lib/thumb/v7e-m/fpv5/hard\libc.a(lib_a-strncpy.o)
 .ARM.attributes
                0x00000000000004ad       0x32 d:/programs/stm32cubeide_1.4.0/stm32cubeide/plugins/com.st.stm32cube.ide.mcu.externaltools.gnu-tools-for-stm32.7-2018-q2-update.win32_1.4.0.202007081208/tools/bin/../lib/gcc/arm-none-eabi/7.3.1/../../../../arm-none-eabi/lib/thumb/v7e-m/fpv5/hard\libc.a(lib_a-svfiprintf.o)
 .ARM.attributes
                0x00000000000004df       0x32 d:/programs/stm32cubeide_1.4.0/stm32cubeide/plugins/com.st.stm32cube.ide.mcu.externaltools.gnu-tools-for-stm32.7-2018-q2-update.win32_1.4.0.202007081208/tools/bin/../lib/gcc/arm-none-eabi/7.3.1/../../../../arm-none-eabi/lib/thumb/v7e-m/fpv5/hard\libc.a(lib_a-sysconf.o)
 .ARM.attributes
                0x0000000000000511       0x32 d:/programs/stm32cubeide_1.4.0/stm32cubeide/plugins/com.st.stm32cube.ide.mcu.externaltools.gnu-tools-for-stm32.7-2018-q2-update.win32_1.4.0.202007081208/tools/bin/../lib/gcc/arm-none-eabi/7.3.1/../../../../arm-none-eabi/lib/thumb/v7e-m/fpv5/hard\libc.a(lib_a-__atexit.o)
 .ARM.attributes
                0x0000000000000543       0x32 d:/programs/stm32cubeide_1.4.0/stm32cubeide/plugins/com.st.stm32cube.ide.mcu.externaltools.gnu-tools-for-stm32.7-2018-q2-update.win32_1.4.0.202007081208/tools/bin/../lib/gcc/arm-none-eabi/7.3.1/../../../../arm-none-eabi/lib/thumb/v7e-m/fpv5/hard\libc.a(lib_a-callocr.o)
 .ARM.attributes
                0x0000000000000575       0x32 d:/programs/stm32cubeide_1.4.0/stm32cubeide/plugins/com.st.stm32cube.ide.mcu.externaltools.gnu-tools-for-stm32.7-2018-q2-update.win32_1.4.0.202007081208/tools/bin/../lib/gcc/arm-none-eabi/7.3.1/../../../../arm-none-eabi/lib/thumb/v7e-m/fpv5/hard\libc.a(lib_a-errno.o)
 .ARM.attributes
                0x00000000000005a7       0x32 d:/programs/stm32cubeide_1.4.0/stm32cubeide/plugins/com.st.stm32cube.ide.mcu.externaltools.gnu-tools-for-stm32.7-2018-q2-update.win32_1.4.0.202007081208/tools/bin/../lib/gcc/arm-none-eabi/7.3.1/../../../../arm-none-eabi/lib/thumb/v7e-m/fpv5/hard\libc.a(lib_a-locale.o)
 .ARM.attributes
                0x00000000000005d9       0x32 d:/programs/stm32cubeide_1.4.0/stm32cubeide/plugins/com.st.stm32cube.ide.mcu.externaltools.gnu-tools-for-stm32.7-2018-q2-update.win32_1.4.0.202007081208/tools/bin/../lib/gcc/arm-none-eabi/7.3.1/../../../../arm-none-eabi/lib/thumb/v7e-m/fpv5/hard\libc.a(lib_a-mbtowc_r.o)
 .ARM.attributes
                0x000000000000060b       0x32 d:/programs/stm32cubeide_1.4.0/stm32cubeide/plugins/com.st.stm32cube.ide.mcu.externaltools.gnu-tools-for-stm32.7-2018-q2-update.win32_1.4.0.202007081208/tools/bin/../lib/gcc/arm-none-eabi/7.3.1/../../../../arm-none-eabi/lib/thumb/v7e-m/fpv5/hard\libc.a(lib_a-reallocr.o)
 .ARM.attributes
                0x000000000000063d       0x32 d:/programs/stm32cubeide_1.4.0/stm32cubeide/plugins/com.st.stm32cube.ide.mcu.externaltools.gnu-tools-for-stm32.7-2018-q2-update.win32_1.4.0.202007081208/tools/bin/../lib/gcc/arm-none-eabi/7.3.1/../../../../arm-none-eabi/lib/thumb/v7e-m/fpv5/hard\libc.a(lib_a-reent.o)
 .ARM.attributes
                0x000000000000066f       0x32 d:/programs/stm32cubeide_1.4.0/stm32cubeide/plugins/com.st.stm32cube.ide.mcu.externaltools.gnu-tools-for-stm32.7-2018-q2-update.win32_1.4.0.202007081208/tools/bin/../lib/gcc/arm-none-eabi/7.3.1/../../../../arm-none-eabi/lib/thumb/v7e-m/fpv5/hard\libc.a(lib_a-wctomb_r.o)
 .ARM.attributes
                0x00000000000006a1       0x32 d:/programs/stm32cubeide_1.4.0/stm32cubeide/plugins/com.st.stm32cube.ide.mcu.externaltools.gnu-tools-for-stm32.7-2018-q2-update.win32_1.4.0.202007081208/tools/bin/../lib/gcc/arm-none-eabi/7.3.1/../../../../arm-none-eabi/lib/thumb/v7e-m/fpv5/hard\libc.a(lib_a-ctype_.o)
 .ARM.attributes
                0x00000000000006d3       0x34 ../libopencm3-master/lib\libopencm3_stm32f7.a(gpio_common_all.o)
 .ARM.attributes
                0x0000000000000707       0x34 ../libopencm3-master/lib\libopencm3_stm32f7.a(gpio_common_f0234.o)
 .ARM.attributes
                0x000000000000073b       0x34 ../libopencm3-master/lib\libopencm3_stm32f7.a(i2c_common_v2.o)
 .ARM.attributes
                0x000000000000076f       0x34 ../libopencm3-master/lib\libopencm3_stm32f7.a(rcc.o)
 .ARM.attributes
                0x00000000000007a3       0x34 ../libopencm3-master/lib\libopencm3_stm32f7.a(rcc_common_all.o)
 .ARM.attributes
                0x00000000000007d7       0x34 ../libopencm3-master/lib\libopencm3_stm32f7.a(timer_common_all.o)
 .ARM.attributes
                0x000000000000080b       0x34 ../libopencm3-master/lib\libopencm3_stm32f7.a(usart_common_all.o)
 .ARM.attributes
                0x000000000000083f       0x34 ../libopencm3-master/lib\libopencm3_stm32f7.a(usart_common_v2.o)
 .ARM.attributes
                0x0000000000000873       0x34 ../libopencm3-master/lib\libopencm3_stm32f7.a(vector.o)
 .ARM.attributes
                0x00000000000008a7       0x34 ../libopencm3-master/lib\libopencm3_stm32f7.a(nvic.o)
 .ARM.attributes
                0x00000000000008db       0x34 ../libopencm3-master/lib\libopencm3_stm32f7.a(flash_common_all.o)
 .ARM.attributes
                0x000000000000090f       0x34 ../libopencm3-master/lib\libopencm3_stm32f7.a(flash.o)
 .ARM.attributes
                0x0000000000000943       0x34 ../libopencm3-master/lib\libopencm3_stm32f7.a(pwr.o)
 .ARM.attributes
                0x0000000000000977       0x20 d:/programs/stm32cubeide_1.4.0/stm32cubeide/plugins/com.st.stm32cube.ide.mcu.externaltools.gnu-tools-for-stm32.7-2018-q2-update.win32_1.4.0.202007081208/tools/bin/../lib/gcc/arm-none-eabi/7.3.1/thumb/v7e-m/fpv5/hard\libgcc.a(_aeabi_uldivmod.o)
 .ARM.attributes
                0x0000000000000997       0x32 d:/programs/stm32cubeide_1.4.0/stm32cubeide/plugins/com.st.stm32cube.ide.mcu.externaltools.gnu-tools-for-stm32.7-2018-q2-update.win32_1.4.0.202007081208/tools/bin/../lib/gcc/arm-none-eabi/7.3.1/thumb/v7e-m/fpv5/hard\libgcc.a(_udivmoddi4.o)
 .ARM.attributes
                0x00000000000009c9       0x20 d:/programs/stm32cubeide_1.4.0/stm32cubeide/plugins/com.st.stm32cube.ide.mcu.externaltools.gnu-tools-for-stm32.7-2018-q2-update.win32_1.4.0.202007081208/tools/bin/../lib/gcc/arm-none-eabi/7.3.1/thumb/v7e-m/fpv5/hard\libgcc.a(_dvmd_tls.o)

.comment        0x0000000000000000       0xd4
 .comment       0x0000000000000000       0x7b build/i2c_oled.o
                                         0x7c (size before relaxing)
 .comment       0x000000000000007b       0x7c build/miniprintf.o
 .comment       0x000000000000007b       0x59 ../libopencm3-master/lib\libopencm3_stm32f7.a(gpio_common_all.o)
                                         0x5a (size before relaxing)
 .comment       0x00000000000000d4       0x5a ../libopencm3-master/lib\libopencm3_stm32f7.a(gpio_common_f0234.o)
 .comment       0x00000000000000d4       0x5a ../libopencm3-master/lib\libopencm3_stm32f7.a(i2c_common_v2.o)
 .comment       0x00000000000000d4       0x5a ../libopencm3-master/lib\libopencm3_stm32f7.a(rcc.o)
 .comment       0x00000000000000d4       0x5a ../libopencm3-master/lib\libopencm3_stm32f7.a(rcc_common_all.o)
 .comment       0x00000000000000d4       0x5a ../libopencm3-master/lib\libopencm3_stm32f7.a(timer_common_all.o)
 .comment       0x00000000000000d4       0x5a ../libopencm3-master/lib\libopencm3_stm32f7.a(usart_common_all.o)
 .comment       0x00000000000000d4       0x5a ../libopencm3-master/lib\libopencm3_stm32f7.a(usart_common_v2.o)
 .comment       0x00000000000000d4       0x5a ../libopencm3-master/lib\libopencm3_stm32f7.a(vector.o)
 .comment       0x00000000000000d4       0x5a ../libopencm3-master/lib\libopencm3_stm32f7.a(nvic.o)
 .comment       0x00000000000000d4       0x5a ../libopencm3-master/lib\libopencm3_stm32f7.a(flash_common_all.o)
 .comment       0x00000000000000d4       0x5a ../libopencm3-master/lib\libopencm3_stm32f7.a(flash.o)
 .comment       0x00000000000000d4       0x5a ../libopencm3-master/lib\libopencm3_stm32f7.a(pwr.o)

.debug_info     0x0000000000000000     0x7ee6
 .debug_info    0x0000000000000000     0x1a57 build/i2c_oled.o
 .debug_info    0x0000000000001a57     0x1038 build/miniprintf.o
 .debug_info    0x0000000000002a8f      0x24e ../libopencm3-master/lib\libopencm3_stm32f7.a(gpio_common_all.o)
 .debug_info    0x0000000000002cdd      0x20f ../libopencm3-master/lib\libopencm3_stm32f7.a(gpio_common_f0234.o)
 .debug_info    0x0000000000002eec      0xeed ../libopencm3-master/lib\libopencm3_stm32f7.a(i2c_common_v2.o)
 .debug_info    0x0000000000003dd9     0x11c7 ../libopencm3-master/lib\libopencm3_stm32f7.a(rcc.o)
 .debug_info    0x0000000000004fa0      0xaae ../libopencm3-master/lib\libopencm3_stm32f7.a(rcc_common_all.o)
 .debug_info    0x0000000000005a4e     0x123c ../libopencm3-master/lib\libopencm3_stm32f7.a(timer_common_all.o)
 .debug_info    0x0000000000006c8a      0x681 ../libopencm3-master/lib\libopencm3_stm32f7.a(usart_common_all.o)
 .debug_info    0x000000000000730b      0x396 ../libopencm3-master/lib\libopencm3_stm32f7.a(usart_common_v2.o)
 .debug_info    0x00000000000076a1      0x2e6 ../libopencm3-master/lib\libopencm3_stm32f7.a(vector.o)
 .debug_info    0x0000000000007987      0x22d ../libopencm3-master/lib\libopencm3_stm32f7.a(nvic.o)
 .debug_info    0x0000000000007bb4       0xf0 ../libopencm3-master/lib\libopencm3_stm32f7.a(flash_common_all.o)
 .debug_info    0x0000000000007ca4      0x15b ../libopencm3-master/lib\libopencm3_stm32f7.a(flash.o)
 .debug_info    0x0000000000007dff       0xe7 ../libopencm3-master/lib\libopencm3_stm32f7.a(pwr.o)

.debug_abbrev   0x0000000000000000     0x1849
 .debug_abbrev  0x0000000000000000      0x309 build/i2c_oled.o
 .debug_abbrev  0x0000000000000309      0x2b1 build/miniprintf.o
 .debug_abbrev  0x00000000000005ba      0x116 ../libopencm3-master/lib\libopencm3_stm32f7.a(gpio_common_all.o)
 .debug_abbrev  0x00000000000006d0       0xbf ../libopencm3-master/lib\libopencm3_stm32f7.a(gpio_common_f0234.o)
 .debug_abbrev  0x000000000000078f      0x29c ../libopencm3-master/lib\libopencm3_stm32f7.a(i2c_common_v2.o)
 .debug_abbrev  0x0000000000000a2b      0x3b2 ../libopencm3-master/lib\libopencm3_stm32f7.a(rcc.o)
 .debug_abbrev  0x0000000000000ddd      0x1c5 ../libopencm3-master/lib\libopencm3_stm32f7.a(rcc_common_all.o)
 .debug_abbrev  0x0000000000000fa2      0x1ef ../libopencm3-master/lib\libopencm3_stm32f7.a(timer_common_all.o)
 .debug_abbrev  0x0000000000001191      0x182 ../libopencm3-master/lib\libopencm3_stm32f7.a(usart_common_all.o)
 .debug_abbrev  0x0000000000001313      0x128 ../libopencm3-master/lib\libopencm3_stm32f7.a(usart_common_v2.o)
 .debug_abbrev  0x000000000000143b      0x15b ../libopencm3-master/lib\libopencm3_stm32f7.a(vector.o)
 .debug_abbrev  0x0000000000001596       0xb5 ../libopencm3-master/lib\libopencm3_stm32f7.a(nvic.o)
 .debug_abbrev  0x000000000000164b       0x9a ../libopencm3-master/lib\libopencm3_stm32f7.a(flash_common_all.o)
 .debug_abbrev  0x00000000000016e5       0xc5 ../libopencm3-master/lib\libopencm3_stm32f7.a(flash.o)
 .debug_abbrev  0x00000000000017aa       0x9f ../libopencm3-master/lib\libopencm3_stm32f7.a(pwr.o)

.debug_loc      0x0000000000000000     0x2709
 .debug_loc     0x0000000000000000      0x2e6 build/i2c_oled.o
 .debug_loc     0x00000000000002e6      0x779 build/miniprintf.o
 .debug_loc     0x0000000000000a5f       0xbe ../libopencm3-master/lib\libopencm3_stm32f7.a(gpio_common_all.o)
 .debug_loc     0x0000000000000b1d      0x14d ../libopencm3-master/lib\libopencm3_stm32f7.a(gpio_common_f0234.o)
 .debug_loc     0x0000000000000c6a      0x6ca ../libopencm3-master/lib\libopencm3_stm32f7.a(i2c_common_v2.o)
 .debug_loc     0x0000000000001334      0x844 ../libopencm3-master/lib\libopencm3_stm32f7.a(rcc.o)
 .debug_loc     0x0000000000001b78      0x120 ../libopencm3-master/lib\libopencm3_stm32f7.a(rcc_common_all.o)
 .debug_loc     0x0000000000001c98      0x4b2 ../libopencm3-master/lib\libopencm3_stm32f7.a(timer_common_all.o)
 .debug_loc     0x000000000000214a      0x206 ../libopencm3-master/lib\libopencm3_stm32f7.a(usart_common_all.o)
 .debug_loc     0x0000000000002350       0xe0 ../libopencm3-master/lib\libopencm3_stm32f7.a(usart_common_v2.o)
 .debug_loc     0x0000000000002430      0x128 ../libopencm3-master/lib\libopencm3_stm32f7.a(vector.o)
 .debug_loc     0x0000000000002558      0x16a ../libopencm3-master/lib\libopencm3_stm32f7.a(nvic.o)
 .debug_loc     0x00000000000026c2       0x47 ../libopencm3-master/lib\libopencm3_stm32f7.a(flash_common_all.o)

.debug_aranges  0x0000000000000000      0x940
 .debug_aranges
                0x0000000000000000       0x78 build/i2c_oled.o
 .debug_aranges
                0x0000000000000078       0x60 build/miniprintf.o
 .debug_aranges
                0x00000000000000d8       0x50 ../libopencm3-master/lib\libopencm3_stm32f7.a(gpio_common_all.o)
 .debug_aranges
                0x0000000000000128       0x30 ../libopencm3-master/lib\libopencm3_stm32f7.a(gpio_common_f0234.o)
 .debug_aranges
                0x0000000000000158      0x170 ../libopencm3-master/lib\libopencm3_stm32f7.a(i2c_common_v2.o)
 .debug_aranges
                0x00000000000002c8      0x108 ../libopencm3-master/lib\libopencm3_stm32f7.a(rcc.o)
 .debug_aranges
                0x00000000000003d0       0x60 ../libopencm3-master/lib\libopencm3_stm32f7.a(rcc_common_all.o)
 .debug_aranges
                0x0000000000000430      0x268 ../libopencm3-master/lib\libopencm3_stm32f7.a(timer_common_all.o)
 .debug_aranges
                0x0000000000000698       0xc8 ../libopencm3-master/lib\libopencm3_stm32f7.a(usart_common_all.o)
 .debug_aranges
                0x0000000000000760       0xa8 ../libopencm3-master/lib\libopencm3_stm32f7.a(usart_common_v2.o)
 .debug_aranges
                0x0000000000000808       0x30 ../libopencm3-master/lib\libopencm3_stm32f7.a(vector.o)
 .debug_aranges
                0x0000000000000838       0x60 ../libopencm3-master/lib\libopencm3_stm32f7.a(nvic.o)
 .debug_aranges
                0x0000000000000898       0x38 ../libopencm3-master/lib\libopencm3_stm32f7.a(flash_common_all.o)
 .debug_aranges
                0x00000000000008d0       0x40 ../libopencm3-master/lib\libopencm3_stm32f7.a(flash.o)
 .debug_aranges
                0x0000000000000910       0x30 ../libopencm3-master/lib\libopencm3_stm32f7.a(pwr.o)

.debug_ranges   0x0000000000000000      0x918
 .debug_ranges  0x0000000000000000       0x88 build/i2c_oled.o
 .debug_ranges  0x0000000000000088       0x50 build/miniprintf.o
 .debug_ranges  0x00000000000000d8       0x40 ../libopencm3-master/lib\libopencm3_stm32f7.a(gpio_common_all.o)
 .debug_ranges  0x0000000000000118       0x20 ../libopencm3-master/lib\libopencm3_stm32f7.a(gpio_common_f0234.o)
 .debug_ranges  0x0000000000000138      0x160 ../libopencm3-master/lib\libopencm3_stm32f7.a(i2c_common_v2.o)
 .debug_ranges  0x0000000000000298      0x1a0 ../libopencm3-master/lib\libopencm3_stm32f7.a(rcc.o)
 .debug_ranges  0x0000000000000438       0x50 ../libopencm3-master/lib\libopencm3_stm32f7.a(rcc_common_all.o)
 .debug_ranges  0x0000000000000488      0x258 ../libopencm3-master/lib\libopencm3_stm32f7.a(timer_common_all.o)
 .debug_ranges  0x00000000000006e0       0xb8 ../libopencm3-master/lib\libopencm3_stm32f7.a(usart_common_all.o)
 .debug_ranges  0x0000000000000798       0x98 ../libopencm3-master/lib\libopencm3_stm32f7.a(usart_common_v2.o)
 .debug_ranges  0x0000000000000830       0x20 ../libopencm3-master/lib\libopencm3_stm32f7.a(vector.o)
 .debug_ranges  0x0000000000000850       0x50 ../libopencm3-master/lib\libopencm3_stm32f7.a(nvic.o)
 .debug_ranges  0x00000000000008a0       0x28 ../libopencm3-master/lib\libopencm3_stm32f7.a(flash_common_all.o)
 .debug_ranges  0x00000000000008c8       0x30 ../libopencm3-master/lib\libopencm3_stm32f7.a(flash.o)
 .debug_ranges  0x00000000000008f8       0x20 ../libopencm3-master/lib\libopencm3_stm32f7.a(pwr.o)

.debug_line     0x0000000000000000     0x498a
 .debug_line    0x0000000000000000      0x62b build/i2c_oled.o
 .debug_line    0x000000000000062b      0x3f3 build/miniprintf.o
 .debug_line    0x0000000000000a1e      0x2a5 ../libopencm3-master/lib\libopencm3_stm32f7.a(gpio_common_all.o)
 .debug_line    0x0000000000000cc3      0x36c ../libopencm3-master/lib\libopencm3_stm32f7.a(gpio_common_f0234.o)
 .debug_line    0x000000000000102f      0x821 ../libopencm3-master/lib\libopencm3_stm32f7.a(i2c_common_v2.o)
 .debug_line    0x0000000000001850      0xa20 ../libopencm3-master/lib\libopencm3_stm32f7.a(rcc.o)
 .debug_line    0x0000000000002270      0x2ef ../libopencm3-master/lib\libopencm3_stm32f7.a(rcc_common_all.o)
 .debug_line    0x000000000000255f      0xf4a ../libopencm3-master/lib\libopencm3_stm32f7.a(timer_common_all.o)
 .debug_line    0x00000000000034a9      0x4bf ../libopencm3-master/lib\libopencm3_stm32f7.a(usart_common_all.o)
 .debug_line    0x0000000000003968      0x3c8 ../libopencm3-master/lib\libopencm3_stm32f7.a(usart_common_v2.o)
 .debug_line    0x0000000000003d30      0x31f ../libopencm3-master/lib\libopencm3_stm32f7.a(vector.o)
 .debug_line    0x000000000000404f      0x281 ../libopencm3-master/lib\libopencm3_stm32f7.a(nvic.o)
 .debug_line    0x00000000000042d0      0x245 ../libopencm3-master/lib\libopencm3_stm32f7.a(flash_common_all.o)
 .debug_line    0x0000000000004515      0x262 ../libopencm3-master/lib\libopencm3_stm32f7.a(flash.o)
 .debug_line    0x0000000000004777      0x213 ../libopencm3-master/lib\libopencm3_stm32f7.a(pwr.o)

.debug_str      0x0000000000000000    0x171ca
 .debug_str     0x0000000000000000     0x104f build/i2c_oled.o
                                       0x11b5 (size before relaxing)
 .debug_str     0x000000000000104f       0xfd build/miniprintf.o
                                        0x697 (size before relaxing)
 .debug_str     0x000000000000114c     0x6184 ../libopencm3-master/lib\libopencm3_stm32f7.a(gpio_common_all.o)
                                       0x630f (size before relaxing)
 .debug_str     0x00000000000072d0       0x5b ../libopencm3-master/lib\libopencm3_stm32f7.a(gpio_common_f0234.o)
                                       0x6327 (size before relaxing)
 .debug_str     0x000000000000732b     0x572c ../libopencm3-master/lib\libopencm3_stm32f7.a(i2c_common_v2.o)
                                       0xa92e (size before relaxing)
 .debug_str     0x000000000000ca57      0xc65 ../libopencm3-master/lib\libopencm3_stm32f7.a(rcc.o)
                                       0xa31b (size before relaxing)
 .debug_str     0x000000000000d6bc      0x170 ../libopencm3-master/lib\libopencm3_stm32f7.a(rcc_common_all.o)
                                       0x9a6a (size before relaxing)
 .debug_str     0x000000000000d82c     0x4a6b ../libopencm3-master/lib\libopencm3_stm32f7.a(timer_common_all.o)
                                       0xdad5 (size before relaxing)
 .debug_str     0x0000000000012297     0x1ec9 ../libopencm3-master/lib\libopencm3_stm32f7.a(usart_common_all.o)
                                       0xaf18 (size before relaxing)
 .debug_str     0x0000000000014160      0x190 ../libopencm3-master/lib\libopencm3_stm32f7.a(usart_common_v2.o)
                                       0x6dc7 (size before relaxing)
 .debug_str     0x00000000000142f0     0x2cd3 ../libopencm3-master/lib\libopencm3_stm32f7.a(vector.o)
                                       0x6b35 (size before relaxing)
 .debug_str     0x0000000000016fc3       0xc4 ../libopencm3-master/lib\libopencm3_stm32f7.a(nvic.o)
                                       0x5bc4 (size before relaxing)
 .debug_str     0x0000000000017087       0x4e ../libopencm3-master/lib\libopencm3_stm32f7.a(flash_common_all.o)
                                       0x57f0 (size before relaxing)
 .debug_str     0x00000000000170d5       0xd9 ../libopencm3-master/lib\libopencm3_stm32f7.a(flash.o)
                                       0x5863 (size before relaxing)
 .debug_str     0x00000000000171ae       0x1c ../libopencm3-master/lib\libopencm3_stm32f7.a(pwr.o)
                                       0x57ae (size before relaxing)

.debug_frame    0x0000000000000000     0x1cd8
 .debug_frame   0x0000000000000000      0x184 build/i2c_oled.o
 .debug_frame   0x0000000000000184      0x150 build/miniprintf.o
 .debug_frame   0x00000000000002d4       0x28 d:/programs/stm32cubeide_1.4.0/stm32cubeide/plugins/com.st.stm32cube.ide.mcu.externaltools.gnu-tools-for-stm32.7-2018-q2-update.win32_1.4.0.202007081208/tools/bin/../lib/gcc/arm-none-eabi/7.3.1/../../../../arm-none-eabi/lib/thumb/v7e-m/fpv5/hard\libc.a(lib_a-memcpy-stub.o)
 .debug_frame   0x00000000000002fc       0x28 d:/programs/stm32cubeide_1.4.0/stm32cubeide/plugins/com.st.stm32cube.ide.mcu.externaltools.gnu-tools-for-stm32.7-2018-q2-update.win32_1.4.0.202007081208/tools/bin/../lib/gcc/arm-none-eabi/7.3.1/../../../../arm-none-eabi/lib/thumb/v7e-m/fpv5/hard\libc.a(lib_a-memmove.o)
 .debug_frame   0x0000000000000324       0x20 d:/programs/stm32cubeide_1.4.0/stm32cubeide/plugins/com.st.stm32cube.ide.mcu.externaltools.gnu-tools-for-stm32.7-2018-q2-update.win32_1.4.0.202007081208/tools/bin/../lib/gcc/arm-none-eabi/7.3.1/../../../../arm-none-eabi/lib/thumb/v7e-m/fpv5/hard\libc.a(lib_a-memset.o)
 .debug_frame   0x0000000000000344       0x6c d:/programs/stm32cubeide_1.4.0/stm32cubeide/plugins/com.st.stm32cube.ide.mcu.externaltools.gnu-tools-for-stm32.7-2018-q2-update.win32_1.4.0.202007081208/tools/bin/../lib/gcc/arm-none-eabi/7.3.1/../../../../arm-none-eabi/lib/thumb/v7e-m/fpv5/hard\libc.a(lib_a-sprintf.o)
 .debug_frame   0x00000000000003b0       0x5c d:/programs/stm32cubeide_1.4.0/stm32cubeide/plugins/com.st.stm32cube.ide.mcu.externaltools.gnu-tools-for-stm32.7-2018-q2-update.win32_1.4.0.202007081208/tools/bin/../lib/gcc/arm-none-eabi/7.3.1/../../../../arm-none-eabi/lib/thumb/v7e-m/fpv5/hard\libc.a(lib_a-svfprintf.o)
 .debug_frame   0x000000000000040c       0x58 d:/programs/stm32cubeide_1.4.0/stm32cubeide/plugins/com.st.stm32cube.ide.mcu.externaltools.gnu-tools-for-stm32.7-2018-q2-update.win32_1.4.0.202007081208/tools/bin/../lib/gcc/arm-none-eabi/7.3.1/../../../../arm-none-eabi/lib/thumb/v7e-m/fpv5/hard\libc.a(lib_a-__call_atexit.o)
 .debug_frame   0x0000000000000464       0x20 d:/programs/stm32cubeide_1.4.0/stm32cubeide/plugins/com.st.stm32cube.ide.mcu.externaltools.gnu-tools-for-stm32.7-2018-q2-update.win32_1.4.0.202007081208/tools/bin/../lib/gcc/arm-none-eabi/7.3.1/../../../../arm-none-eabi/lib/thumb/v7e-m/fpv5/hard\libc.a(lib_a-atexit.o)
 .debug_frame   0x0000000000000484       0x6c d:/programs/stm32cubeide_1.4.0/stm32cubeide/plugins/com.st.stm32cube.ide.mcu.externaltools.gnu-tools-for-stm32.7-2018-q2-update.win32_1.4.0.202007081208/tools/bin/../lib/gcc/arm-none-eabi/7.3.1/../../../../arm-none-eabi/lib/thumb/v7e-m/fpv5/hard\libc.a(lib_a-dtoa.o)
 .debug_frame   0x00000000000004f0       0x38 d:/programs/stm32cubeide_1.4.0/stm32cubeide/plugins/com.st.stm32cube.ide.mcu.externaltools.gnu-tools-for-stm32.7-2018-q2-update.win32_1.4.0.202007081208/tools/bin/../lib/gcc/arm-none-eabi/7.3.1/../../../../arm-none-eabi/lib/thumb/v7e-m/fpv5/hard\libc.a(lib_a-fini.o)
 .debug_frame   0x0000000000000528       0x5c d:/programs/stm32cubeide_1.4.0/stm32cubeide/plugins/com.st.stm32cube.ide.mcu.externaltools.gnu-tools-for-stm32.7-2018-q2-update.win32_1.4.0.202007081208/tools/bin/../lib/gcc/arm-none-eabi/7.3.1/../../../../arm-none-eabi/lib/thumb/v7e-m/fpv5/hard\libc.a(lib_a-freer.o)
 .debug_frame   0x0000000000000584       0x40 d:/programs/stm32cubeide_1.4.0/stm32cubeide/plugins/com.st.stm32cube.ide.mcu.externaltools.gnu-tools-for-stm32.7-2018-q2-update.win32_1.4.0.202007081208/tools/bin/../lib/gcc/arm-none-eabi/7.3.1/../../../../arm-none-eabi/lib/thumb/v7e-m/fpv5/hard\libc.a(lib_a-localeconv.o)
 .debug_frame   0x00000000000005c4       0xb0 d:/programs/stm32cubeide_1.4.0/stm32cubeide/plugins/com.st.stm32cube.ide.mcu.externaltools.gnu-tools-for-stm32.7-2018-q2-update.win32_1.4.0.202007081208/tools/bin/../lib/gcc/arm-none-eabi/7.3.1/../../../../arm-none-eabi/lib/thumb/v7e-m/fpv5/hard\libc.a(lib_a-lock.o)
 .debug_frame   0x0000000000000674       0x40 d:/programs/stm32cubeide_1.4.0/stm32cubeide/plugins/com.st.stm32cube.ide.mcu.externaltools.gnu-tools-for-stm32.7-2018-q2-update.win32_1.4.0.202007081208/tools/bin/../lib/gcc/arm-none-eabi/7.3.1/../../../../arm-none-eabi/lib/thumb/v7e-m/fpv5/hard\libc.a(lib_a-mallocr.o)
 .debug_frame   0x00000000000006b4       0x30 d:/programs/stm32cubeide_1.4.0/stm32cubeide/plugins/com.st.stm32cube.ide.mcu.externaltools.gnu-tools-for-stm32.7-2018-q2-update.win32_1.4.0.202007081208/tools/bin/../lib/gcc/arm-none-eabi/7.3.1/../../../../arm-none-eabi/lib/thumb/v7e-m/fpv5/hard\libc.a(lib_a-mlock.o)
 .debug_frame   0x00000000000006e4      0x22c d:/programs/stm32cubeide_1.4.0/stm32cubeide/plugins/com.st.stm32cube.ide.mcu.externaltools.gnu-tools-for-stm32.7-2018-q2-update.win32_1.4.0.202007081208/tools/bin/../lib/gcc/arm-none-eabi/7.3.1/../../../../arm-none-eabi/lib/thumb/v7e-m/fpv5/hard\libc.a(lib_a-mprec.o)
 .debug_frame   0x0000000000000910       0x28 d:/programs/stm32cubeide_1.4.0/stm32cubeide/plugins/com.st.stm32cube.ide.mcu.externaltools.gnu-tools-for-stm32.7-2018-q2-update.win32_1.4.0.202007081208/tools/bin/../lib/gcc/arm-none-eabi/7.3.1/../../../../arm-none-eabi/lib/thumb/v7e-m/fpv5/hard\libc.a(lib_a-s_frexp.o)
 .debug_frame   0x0000000000000938       0x2c d:/programs/stm32cubeide_1.4.0/stm32cubeide/plugins/com.st.stm32cube.ide.mcu.externaltools.gnu-tools-for-stm32.7-2018-q2-update.win32_1.4.0.202007081208/tools/bin/../lib/gcc/arm-none-eabi/7.3.1/../../../../arm-none-eabi/lib/thumb/v7e-m/fpv5/hard\libc.a(lib_a-sbrkr.o)
 .debug_frame   0x0000000000000964       0x2c d:/programs/stm32cubeide_1.4.0/stm32cubeide/plugins/com.st.stm32cube.ide.mcu.externaltools.gnu-tools-for-stm32.7-2018-q2-update.win32_1.4.0.202007081208/tools/bin/../lib/gcc/arm-none-eabi/7.3.1/../../../../arm-none-eabi/lib/thumb/v7e-m/fpv5/hard\libc.a(lib_a-strncpy.o)
 .debug_frame   0x0000000000000990       0x6c d:/programs/stm32cubeide_1.4.0/stm32cubeide/plugins/com.st.stm32cube.ide.mcu.externaltools.gnu-tools-for-stm32.7-2018-q2-update.win32_1.4.0.202007081208/tools/bin/../lib/gcc/arm-none-eabi/7.3.1/../../../../arm-none-eabi/lib/thumb/v7e-m/fpv5/hard\libc.a(lib_a-svfiprintf.o)
 .debug_frame   0x00000000000009fc       0x28 d:/programs/stm32cubeide_1.4.0/stm32cubeide/plugins/com.st.stm32cube.ide.mcu.externaltools.gnu-tools-for-stm32.7-2018-q2-update.win32_1.4.0.202007081208/tools/bin/../lib/gcc/arm-none-eabi/7.3.1/../../../../arm-none-eabi/lib/thumb/v7e-m/fpv5/hard\libc.a(lib_a-sysconf.o)
 .debug_frame   0x0000000000000a24       0x34 d:/programs/stm32cubeide_1.4.0/stm32cubeide/plugins/com.st.stm32cube.ide.mcu.externaltools.gnu-tools-for-stm32.7-2018-q2-update.win32_1.4.0.202007081208/tools/bin/../lib/gcc/arm-none-eabi/7.3.1/../../../../arm-none-eabi/lib/thumb/v7e-m/fpv5/hard\libc.a(lib_a-__atexit.o)
 .debug_frame   0x0000000000000a58       0x28 d:/programs/stm32cubeide_1.4.0/stm32cubeide/plugins/com.st.stm32cube.ide.mcu.externaltools.gnu-tools-for-stm32.7-2018-q2-update.win32_1.4.0.202007081208/tools/bin/../lib/gcc/arm-none-eabi/7.3.1/../../../../arm-none-eabi/lib/thumb/v7e-m/fpv5/hard\libc.a(lib_a-callocr.o)
 .debug_frame   0x0000000000000a80       0x20 d:/programs/stm32cubeide_1.4.0/stm32cubeide/plugins/com.st.stm32cube.ide.mcu.externaltools.gnu-tools-for-stm32.7-2018-q2-update.win32_1.4.0.202007081208/tools/bin/../lib/gcc/arm-none-eabi/7.3.1/../../../../arm-none-eabi/lib/thumb/v7e-m/fpv5/hard\libc.a(lib_a-errno.o)
 .debug_frame   0x0000000000000aa0       0x68 d:/programs/stm32cubeide_1.4.0/stm32cubeide/plugins/com.st.stm32cube.ide.mcu.externaltools.gnu-tools-for-stm32.7-2018-q2-update.win32_1.4.0.202007081208/tools/bin/../lib/gcc/arm-none-eabi/7.3.1/../../../../arm-none-eabi/lib/thumb/v7e-m/fpv5/hard\libc.a(lib_a-locale.o)
 .debug_frame   0x0000000000000b08       0x48 d:/programs/stm32cubeide_1.4.0/stm32cubeide/plugins/com.st.stm32cube.ide.mcu.externaltools.gnu-tools-for-stm32.7-2018-q2-update.win32_1.4.0.202007081208/tools/bin/../lib/gcc/arm-none-eabi/7.3.1/../../../../arm-none-eabi/lib/thumb/v7e-m/fpv5/hard\libc.a(lib_a-mbtowc_r.o)